Archive member included to satisfy reference by file (symbol)

/Users/lucasabbade/Documents/LPCXpresso_8.2.2/workspace/CMSISv2p00_LPC17xx/Debug/libCMSISv2p00_LPC17xx.a(system_LPC17xx.o)
                              ./cr_startup_lpc17.o (SystemInit)
/Users/lucasabbade/Desktop/Inatel/Tópicos 1/FreeRTOS-exemplos-CMSISv2p00/FreeRTOS_Library/Debug/libFreeRTOS_Library.a(port.o)
                              ./cr_startup_lpc17.o (vPortSVCHandler)
/Users/lucasabbade/Desktop/Inatel/Tópicos 1/FreeRTOS-exemplos-CMSISv2p00/FreeRTOS_Library/Debug/libFreeRTOS_Library.a(queue.o)
                              ./main.o (xQueueCreate)
/Users/lucasabbade/Desktop/Inatel/Tópicos 1/FreeRTOS-exemplos-CMSISv2p00/FreeRTOS_Library/Debug/libFreeRTOS_Library.a(tasks.o)
                              ./main.o (xTaskGenericCreate)
/Users/lucasabbade/Desktop/Inatel/Tópicos 1/FreeRTOS-exemplos-CMSISv2p00/FreeRTOS_Library/Debug/libFreeRTOS_Library.a(heap_2.o)
                              /Users/lucasabbade/Desktop/Inatel/Tópicos 1/FreeRTOS-exemplos-CMSISv2p00/FreeRTOS_Library/Debug/libFreeRTOS_Library.a(queue.o) (pvPortMalloc)
/Users/lucasabbade/Desktop/Inatel/Tópicos 1/FreeRTOS-exemplos-CMSISv2p00/FreeRTOS_Library/Debug/libFreeRTOS_Library.a(list.o)
                              /Users/lucasabbade/Desktop/Inatel/Tópicos 1/FreeRTOS-exemplos-CMSISv2p00/FreeRTOS_Library/Debug/libFreeRTOS_Library.a(queue.o) (vListInitialise)
/Users/lucasabbade/Documents/LPCXpresso_8.2.2/workspace/Lib_MCU/Debug/libLib_MCU.a(lpc17xx_adc.o)
                              ./main.o (ADC_Init)
/Users/lucasabbade/Documents/LPCXpresso_8.2.2/workspace/Lib_MCU/Debug/libLib_MCU.a(lpc17xx_clkpwr.o)
                              /Users/lucasabbade/Documents/LPCXpresso_8.2.2/workspace/Lib_MCU/Debug/libLib_MCU.a(lpc17xx_adc.o) (CLKPWR_GetPCLK)
/Users/lucasabbade/Documents/LPCXpresso_8.2.2/workspace/Lib_MCU/Debug/libLib_MCU.a(lpc17xx_gpio.o)
                              ./main.o (GPIO_SetDir)
/Users/lucasabbade/Documents/LPCXpresso_8.2.2/workspace/Lib_MCU/Debug/libLib_MCU.a(lpc17xx_i2c.o)
                              ./main.o (I2C_Init)
/Users/lucasabbade/Documents/LPCXpresso_8.2.2/workspace/Lib_MCU/Debug/libLib_MCU.a(lpc17xx_libcfg_default.o)
                              /Users/lucasabbade/Documents/LPCXpresso_8.2.2/workspace/Lib_MCU/Debug/libLib_MCU.a(lpc17xx_adc.o) (check_failed)
/Users/lucasabbade/Documents/LPCXpresso_8.2.2/workspace/Lib_MCU/Debug/libLib_MCU.a(lpc17xx_pinsel.o)
                              ./main.o (PINSEL_ConfigPin)
/Users/lucasabbade/Documents/LPCXpresso_8.2.2/workspace/Lib_MCU/Debug/libLib_MCU.a(lpc17xx_ssp.o)
                              ./main.o (SSP_Init)
/Users/lucasabbade/Documents/LPCXpresso_8.2.2/workspace/Lib_EaBaseBoard/Debug/libLib_EaBaseBoard.a(light.o)
                              ./main.o (light_init)
/Users/lucasabbade/Documents/LPCXpresso_8.2.2/workspace/Lib_EaBaseBoard/Debug/libLib_EaBaseBoard.a(oled.o)
                              ./main.o (oled_init)
/Users/lucasabbade/Documents/LPCXpresso_8.2.2/workspace/Lib_EaBaseBoard/Debug/libLib_EaBaseBoard.a(temp.o)
                              ./main.o (temp_init)
/Users/lucasabbade/Documents/LPCXpresso_8.2.2/workspace/Lib_EaBaseBoard/Debug/libLib_EaBaseBoard.a(font5x7.o)
                              /Users/lucasabbade/Documents/LPCXpresso_8.2.2/workspace/Lib_EaBaseBoard/Debug/libLib_EaBaseBoard.a(oled.o) (font5x7)
/Applications/lpcxpresso_8.2.2_650/lpcxpresso/tools/bin/../lib/gcc/arm-none-eabi/5.4.1/../../../../arm-none-eabi/lib/armv7-m/libcr_semihost.a(_cr__main.o)
                              ./cr_startup_lpc17.o (__main)
/Applications/lpcxpresso_8.2.2_650/lpcxpresso/tools/bin/../lib/gcc/arm-none-eabi/5.4.1/../../../../arm-none-eabi/lib/armv7-m/libcr_c.a(memcpy.o)
                              /Users/lucasabbade/Desktop/Inatel/Tópicos 1/FreeRTOS-exemplos-CMSISv2p00/FreeRTOS_Library/Debug/libFreeRTOS_Library.a(queue.o) (memcpy)
/Applications/lpcxpresso_8.2.2_650/lpcxpresso/tools/bin/../lib/gcc/arm-none-eabi/5.4.1/../../../../arm-none-eabi/lib/armv7-m/libcr_c.a(memset.o)
                              /Users/lucasabbade/Desktop/Inatel/Tópicos 1/FreeRTOS-exemplos-CMSISv2p00/FreeRTOS_Library/Debug/libFreeRTOS_Library.a(tasks.o) (memset)
/Applications/lpcxpresso_8.2.2_650/lpcxpresso/tools/bin/../lib/gcc/arm-none-eabi/5.4.1/../../../../arm-none-eabi/lib/armv7-m/libcr_c.a(initio.o)
                              /Applications/lpcxpresso_8.2.2_650/lpcxpresso/tools/bin/../lib/gcc/arm-none-eabi/5.4.1/../../../../arm-none-eabi/lib/armv7-m/libcr_semihost.a(_cr__main.o) (_initio)
/Applications/lpcxpresso_8.2.2_650/lpcxpresso/tools/bin/../lib/gcc/arm-none-eabi/5.4.1/../../../../arm-none-eabi/lib/armv7-m/libcr_c.a(memcmp.o)
                              /Users/lucasabbade/Desktop/Inatel/Tópicos 1/FreeRTOS-exemplos-CMSISv2p00/FreeRTOS_Library/Debug/libFreeRTOS_Library.a(tasks.o) (memcmp)
[...]
Memory Configuration

Name             Origin             Length             Attributes
MFlash512        0x0000000000000000 0x0000000000080000 xr
RamLoc32         0x0000000010000000 0x0000000000008000 xrw
RamAHB32         0x000000002007c000 0x0000000000008000 xrw
*default*        0x0000000000000000 0xffffffffffffffff

Linker script and memory map

LOAD ./cr_startup_lpc17.o
LOAD ./main.o
LOAD /Users/lucasabbade/Documents/LPCXpresso_8.2.2/workspace/CMSISv2p00_LPC17xx/Debug/libCMSISv2p00_LPC17xx.a
LOAD /Users/lucasabbade/Desktop/Inatel/Tópicos 1/FreeRTOS-exemplos-CMSISv2p00/FreeRTOS_Library/Debug/libFreeRTOS_Library.a
LOAD /Users/lucasabbade/Documents/LPCXpresso_8.2.2/workspace/Lib_MCU/Debug/libLib_MCU.a
LOAD /Users/lucasabbade/Documents/LPCXpresso_8.2.2/workspace/Lib_EaBaseBoard/Debug/libLib_EaBaseBoard.a
START GROUP
LOAD /Applications/lpcxpresso_8.2.2_650/lpcxpresso/tools/bin/../lib/gcc/arm-none-eabi/5.4.1/../../../../arm-none-eabi/lib/armv7-m/libcr_semihost.a
LOAD /Applications/lpcxpresso_8.2.2_650/lpcxpresso/tools/bin/../lib/gcc/arm-none-eabi/5.4.1/../../../../arm-none-eabi/lib/armv7-m/libcr_c.a
LOAD /Applications/lpcxpresso_8.2.2_650/lpcxpresso/tools/bin/../lib/gcc/arm-none-eabi/5.4.1/armv7-m/libcr_eabihelpers.a
END GROUP
                0x0000000000000000                __base_MFlash512 = 0x0
                0x0000000000000000                __base_Flash = 0x0
                0x0000000000080000                __top_MFlash512 = 0x80000
                0x0000000000080000                __top_Flash = 0x80000
                0x0000000010000000                __base_RamLoc32 = 0x10000000
                0x0000000010000000                __base_RAM = 0x10000000
                0x0000000010008000                __top_RamLoc32 = 0x10008000
                0x0000000010008000                __top_RAM = 0x10008000
                0x000000002007c000                __base_RamAHB32 = 0x2007c000
                0x000000002007c000                __base_RAM2 = 0x2007c000
                0x0000000020084000                __top_RamAHB32 = 0x20084000
                0x0000000020084000                __top_RAM2 = 0x20084000

.text           0x0000000000000000     0x3ae8
 FILL mask 0xff
                0x0000000000000000                __vectors_start__ = ABSOLUTE (.)
 *(.isr_vector)
 .isr_vector    0x0000000000000000       0xcc ./cr_startup_lpc17.o
                0x0000000000000000                g_pfnVectors
                0x00000000000000cc                . = ALIGN (0x4)
                0x00000000000000cc                __section_table_start = .
                0x00000000000000cc                __data_section_table = .
                0x00000000000000cc        0x4 LONG 0x3ae8 LOADADDR (.data)
                0x00000000000000d0        0x4 LONG 0x10000000 ADDR (.data)
                0x00000000000000d4        0x4 LONG 0x18 SIZEOF (.data)
                0x00000000000000d8        0x4 LONG 0x3ae8 LOADADDR (.data_RAM2)
                0x00000000000000dc        0x4 LONG 0x2007c000 ADDR (.data_RAM2)
                0x00000000000000e0        0x4 LONG 0x0 SIZEOF (.data_RAM2)
                0x00000000000000e4                __data_section_table_end = .
                0x00000000000000e4                __bss_section_table = .
                0x00000000000000e4        0x4 LONG 0x10000018 ADDR (.bss)
                0x00000000000000e8        0x4 LONG 0x2db8 SIZEOF (.bss)
                0x00000000000000ec        0x4 LONG 0x2007c000 ADDR (.bss_RAM2)
                0x00000000000000f0        0x4 LONG 0x0 SIZEOF (.bss_RAM2)
                0x00000000000000f4                __bss_section_table_end = .
                0x00000000000000f4                __section_table_end = .
 *(.after_vectors*)
 *(.text*)
 .text.ResetISR
                0x00000000000000f4       0x58 ./cr_startup_lpc17.o
                0x00000000000000f4                ResetISR
 .text.NMI_Handler
                0x000000000000014c        0x8 ./cr_startup_lpc17.o
                0x000000000000014c                NMI_Handler
 .text.HardFault_Handler
                0x0000000000000154        0x8 ./cr_startup_lpc17.o
                0x0000000000000154                HardFault_Handler
 .text.MemManage_Handler
                0x000000000000015c        0x8 ./cr_startup_lpc17.o
                0x000000000000015c                MemManage_Handler
 .text.BusFault_Handler
                0x0000000000000164        0x8 ./cr_startup_lpc17.o
                0x0000000000000164                BusFault_Handler
 .text.UsageFault_Handler
                0x000000000000016c        0x8 ./cr_startup_lpc17.o
                0x000000000000016c                UsageFault_Handler
 .text.DebugMon_Handler
                0x0000000000000174        0x8 ./cr_startup_lpc17.o
                0x0000000000000174                DebugMon_Handler
 .text.IntDefaultHandler
                0x000000000000017c        0x8 ./cr_startup_lpc17.o
                0x000000000000017c                ENET_IRQHandler
                0x000000000000017c                RIT_IRQHandler
                0x000000000000017c                I2C0_IRQHandler
                0x000000000000017c                USBActivity_IRQHandler
                0x000000000000017c                PWM1_IRQHandler
                0x000000000000017c                I2C1_IRQHandler
                0x000000000000017c                EINT2_IRQHandler
                0x000000000000017c                UART1_IRQHandler
                0x000000000000017c                EINT3_IRQHandler
                0x000000000000017c                CANActivity_IRQHandler
                0x000000000000017c                TIMER3_IRQHandler
                0x000000000000017c                UART0_IRQHandler
                0x000000000000017c                IntDefaultHandler
                0x000000000000017c                PLL0_IRQHandler
                0x000000000000017c                CAN_IRQHandler
                0x000000000000017c                PLL1_IRQHandler
                0x000000000000017c                SSP0_IRQHandler
                0x000000000000017c                I2S_IRQHandler
                0x000000000000017c                I2C2_IRQHandler
                0x000000000000017c                RTC_IRQHandler
                0x000000000000017c                TIMER0_IRQHandler
                0x000000000000017c                SPI_IRQHandler
                0x000000000000017c                EINT1_IRQHandler
                0x000000000000017c                TIMER1_IRQHandler
                0x000000000000017c                UART2_IRQHandler
                0x000000000000017c                ADC_IRQHandler
                0x000000000000017c                SSP1_IRQHandler
                0x000000000000017c                USB_IRQHandler
                0x000000000000017c                BOD_IRQHandler
                0x000000000000017c                WDT_IRQHandler
                0x000000000000017c                QEI_IRQHandler
                0x000000000000017c                EINT0_IRQHandler
                0x000000000000017c                DMA_IRQHandler
                0x000000000000017c                UART3_IRQHandler
                0x000000000000017c                MCPWM_IRQHandler
                0x000000000000017c                TIMER2_IRQHandler
 .text.intToString
                0x0000000000000184       0xcc ./main.o
 .text.main     0x0000000000000250       0xa4 ./main.o
                0x0000000000000250                main
 .text.vLuminosidadeTask
                0x00000000000002f4       0x3c ./main.o
 .text.vTrimpotTask
                0x0000000000000330       0x60 ./main.o
 .text.print_to_oled
                0x0000000000000390       0x58 ./main.o
 .text.vConsumerTask
                0x00000000000003e8       0x78 ./main.o
 .text.vApplicationMallocFailedHook
                0x0000000000000460        0x8 ./main.o
                0x0000000000000460                vApplicationMallocFailedHook
 .text.vApplicationStackOverflowHook
                0x0000000000000468        0xc ./main.o
                0x0000000000000468                vApplicationStackOverflowHook
 .text.vApplicationIdleHook
                0x0000000000000474        0xc ./main.o
                0x0000000000000474                vApplicationIdleHook
 .text.vApplicationTickHook
                0x0000000000000480        0xc ./main.o
                0x0000000000000480                vApplicationTickHook
 .text.SystemInit
                0x000000000000048c       0xe4 /Users/lucasabbade/Documents/LPCXpresso_8.2.2/workspace/CMSISv2p00_LPC17xx/Debug/libCMSISv2p00_LPC17xx.a(system_LPC17xx.o)
                0x000000000000048c                SystemInit
 .text          0x0000000000000570      0x130 /Users/lucasabbade/Desktop/Inatel/Tópicos 1/FreeRTOS-exemplos-CMSISv2p00/FreeRTOS_Library/Debug/libFreeRTOS_Library.a(port.o)
                0x0000000000000570                pxPortInitialiseStack
                0x000000000000058c                vPortSVCHandler
                0x00000000000005ac                vPortStartFirstTask
                0x00000000000005bc                xPortStartScheduler
                0x00000000000005f8                vPortEndScheduler
                0x00000000000005fc                vPortYieldFromISR
                0x000000000000060c                vPortEnterCritical
                0x0000000000000624                vPortExitCritical
                0x000000000000063c                xPortPendSVHandler
                0x0000000000000678                xPortSysTickHandler
 .text          0x00000000000006a0      0x4a0 /Users/lucasabbade/Desktop/Inatel/Tópicos 1/FreeRTOS-exemplos-CMSISv2p00/FreeRTOS_Library/Debug/libFreeRTOS_Library.a(queue.o)
                0x000000000000079c                xQueueCreate
                0x0000000000000800                xQueueCreateCountingSemaphore
                0x0000000000000814                xQueueGenericSend
                0x00000000000008f0                xQueueCreateMutex
                0x0000000000000934                xQueueGenericSendFromISR
                0x000000000000098c                xQueueGenericReceive
                0x0000000000000a9c                xQueueReceiveFromISR
                0x0000000000000af8                uxQueueMessagesWaiting
                0x0000000000000b0c                uxQueueMessagesWaitingFromISR
                0x0000000000000b10                vQueueDelete
                0x0000000000000b24                xQueueIsQueueEmptyFromISR
                0x0000000000000b30                xQueueIsQueueFullFromISR
 .text          0x0000000000000b40      0xa8c /Users/lucasabbade/Desktop/Inatel/Tópicos 1/FreeRTOS-exemplos-CMSISv2p00/FreeRTOS_Library/Debug/libFreeRTOS_Library.a(tasks.o)
                0x0000000000000b40                xTaskGenericCreate
                0x0000000000000cd8                vTaskDelete
                0x0000000000000d40                uxTaskPriorityGet
                0x0000000000000d5c                vTaskPrioritySet
                0x0000000000000df4                xTaskIsTaskSuspended
                0x0000000000000e18                vTaskResume
                0x0000000000000e7c                xTaskResumeFromISR
                0x0000000000000eec                vTaskStartScheduler
                0x0000000000000f34                vTaskEndScheduler
                0x0000000000000f50                vTaskSuspendAll
                0x0000000000000f64                xTaskGetTickCount
                0x0000000000000f7c                xTaskGetTickCountFromISR
                0x0000000000000f88                uxTaskGetNumberOfTasks
                0x0000000000000f94                vTaskIncrementTick
                0x0000000000001048                xTaskResumeAll
                0x000000000000111c                vTaskDelayUntil
                0x000000000000119c                vTaskDelay
                0x0000000000001248                vTaskSwitchContext
                0x0000000000001308                vTaskSuspend
                0x00000000000013b0                vTaskPlaceOnEventList
                0x0000000000001408                xTaskRemoveFromEventList
                0x000000000000147c                vTaskSetTimeOutState
                0x0000000000001490                xTaskCheckForTimeOut
                0x00000000000014f4                vTaskMissedYield
                0x0000000000001504                xTaskGetCurrentTaskHandle
                0x0000000000001510                vTaskPriorityInherit
                0x0000000000001580                vTaskPriorityDisinherit
 .text          0x00000000000015cc      0x124 /Users/lucasabbade/Desktop/Inatel/Tópicos 1/FreeRTOS-exemplos-CMSISv2p00/FreeRTOS_Library/Debug/libFreeRTOS_Library.a(heap_2.o)
                0x00000000000015cc                pvPortMalloc
                0x000000000000169c                vPortFree
                0x00000000000016e0                xPortGetFreeHeapSize
                0x00000000000016ec                vPortInitialiseBlocks
 .text          0x00000000000016f0       0x9c /Users/lucasabbade/Desktop/Inatel/Tópicos 1/FreeRTOS-exemplos-CMSISv2p00/FreeRTOS_Library/Debug/libFreeRTOS_Library.a(list.o)
                0x00000000000016f0                vListInitialise
                0x0000000000001708                vListInitialiseItem
                0x0000000000001710                vListInsertEnd
                0x000000000000172c                vListInsert
                0x0000000000001768                vListRemove
 .text.ADC_StartCmd
                0x000000000000178c       0x80 /Users/lucasabbade/Documents/LPCXpresso_8.2.2/workspace/Lib_MCU/Debug/libLib_MCU.a(lpc17xx_adc.o)
                0x000000000000178c                ADC_StartCmd
 .text.ADC_ChannelGetData
                0x000000000000180c       0x48 /Users/lucasabbade/Documents/LPCXpresso_8.2.2/workspace/Lib_MCU/Debug/libLib_MCU.a(lpc17xx_adc.o)
                0x000000000000180c                ADC_ChannelGetData
 .text.ADC_ChannelGetStatus
                0x0000000000001854       0x7c /Users/lucasabbade/Documents/LPCXpresso_8.2.2/workspace/Lib_MCU/Debug/libLib_MCU.a(lpc17xx_adc.o)
                0x0000000000001854                ADC_ChannelGetStatus
 .text.GPIO_GetPointer
                0x00000000000018d0       0x70 /Users/lucasabbade/Documents/LPCXpresso_8.2.2/workspace/Lib_MCU/Debug/libLib_MCU.a(lpc17xx_gpio.o)
 .text.GPIO_SetValue
                0x0000000000001940       0x2c /Users/lucasabbade/Documents/LPCXpresso_8.2.2/workspace/Lib_MCU/Debug/libLib_MCU.a(lpc17xx_gpio.o)
                0x0000000000001940                GPIO_SetValue
 .text.GPIO_ClearValue
                0x000000000000196c       0x2c /Users/lucasabbade/Documents/LPCXpresso_8.2.2/workspace/Lib_MCU/Debug/libLib_MCU.a(lpc17xx_gpio.o)
                0x000000000000196c                GPIO_ClearValue
 .text.NVIC_EnableIRQ
                0x0000000000001998       0x30 /Users/lucasabbade/Documents/LPCXpresso_8.2.2/workspace/Lib_MCU/Debug/libLib_MCU.a(lpc17xx_i2c.o)
 .text.NVIC_DisableIRQ
                0x00000000000019c8       0x34 /Users/lucasabbade/Documents/LPCXpresso_8.2.2/workspace/Lib_MCU/Debug/libLib_MCU.a(lpc17xx_i2c.o)
 .text.I2C_getNum
                0x00000000000019fc       0x48 /Users/lucasabbade/Documents/LPCXpresso_8.2.2/workspace/Lib_MCU/Debug/libLib_MCU.a(lpc17xx_i2c.o)
 .text.I2C_Start
                0x0000000000001a44       0x3c /Users/lucasabbade/Documents/LPCXpresso_8.2.2/workspace/Lib_MCU/Debug/libLib_MCU.a(lpc17xx_i2c.o)
 .text.I2C_Stop
                0x0000000000001a80       0x30 /Users/lucasabbade/Documents/LPCXpresso_8.2.2/workspace/Lib_MCU/Debug/libLib_MCU.a(lpc17xx_i2c.o)
 .text.I2C_SendByte
                0x0000000000001ab0       0x4c /Users/lucasabbade/Documents/LPCXpresso_8.2.2/workspace/Lib_MCU/Debug/libLib_MCU.a(lpc17xx_i2c.o)
 .text.I2C_GetByte
                0x0000000000001afc       0x54 /Users/lucasabbade/Documents/LPCXpresso_8.2.2/workspace/Lib_MCU/Debug/libLib_MCU.a(lpc17xx_i2c.o)
 .text.I2C_IntCmd
                0x0000000000001b50       0x88 /Users/lucasabbade/Documents/LPCXpresso_8.2.2/workspace/Lib_MCU/Debug/libLib_MCU.a(lpc17xx_i2c.o)
                0x0000000000001b50                I2C_IntCmd
 .text.I2C_MasterHandler
                0x0000000000001bd8      0x3a0 /Users/lucasabbade/Documents/LPCXpresso_8.2.2/workspace/Lib_MCU/Debug/libLib_MCU.a(lpc17xx_i2c.o)
                0x0000000000001bd8                I2C_MasterHandler
 .text.I2C_MasterTransferData
                0x0000000000001f78      0x2f8 /Users/lucasabbade/Documents/LPCXpresso_8.2.2/workspace/Lib_MCU/Debug/libLib_MCU.a(lpc17xx_i2c.o)
                0x0000000000001f78                I2C_MasterTransferData
 .text.check_failed
                0x0000000000002270        0xc /Users/lucasabbade/Documents/LPCXpresso_8.2.2/workspace/Lib_MCU/Debug/libLib_MCU.a(lpc17xx_libcfg_default.o)
                0x0000000000002270                check_failed
 .text.SSP_getNum
                0x000000000000227c       0x38 /Users/lucasabbade/Documents/LPCXpresso_8.2.2/workspace/Lib_MCU/Debug/libLib_MCU.a(lpc17xx_ssp.o)
 .text.SSP_IntHandler
                0x00000000000022b4      0x2cc /Users/lucasabbade/Documents/LPCXpresso_8.2.2/workspace/Lib_MCU/Debug/libLib_MCU.a(lpc17xx_ssp.o)
                0x00000000000022b4                SSP_IntHandler
 .text.SSP_SendData
                0x0000000000002580       0x40 /Users/lucasabbade/Documents/LPCXpresso_8.2.2/workspace/Lib_MCU/Debug/libLib_MCU.a(lpc17xx_ssp.o)
                0x0000000000002580                SSP_SendData
 .text.SSP_ReceiveData
                0x00000000000025c0       0x3c /Users/lucasabbade/Documents/LPCXpresso_8.2.2/workspace/Lib_MCU/Debug/libLib_MCU.a(lpc17xx_ssp.o)
                0x00000000000025c0                SSP_ReceiveData
 .text.SSP_ReadWrite
                0x00000000000025fc      0x3c0 /Users/lucasabbade/Documents/LPCXpresso_8.2.2/workspace/Lib_MCU/Debug/libLib_MCU.a(lpc17xx_ssp.o)
                0x00000000000025fc                SSP_ReadWrite
 .text.I2CRead  0x00000000000029bc       0x50 /Users/lucasabbade/Documents/LPCXpresso_8.2.2/workspace/Lib_EaBaseBoard/Debug/libLib_EaBaseBoard.a(light.o)
 .text.I2CWrite
                0x0000000000002a0c       0x50 /Users/lucasabbade/Documents/LPCXpresso_8.2.2/workspace/Lib_EaBaseBoard/Debug/libLib_EaBaseBoard.a(light.o)
 .text.light_read
                0x0000000000002a5c       0x74 /Users/lucasabbade/Documents/LPCXpresso_8.2.2/workspace/Lib_EaBaseBoard/Debug/libLib_EaBaseBoard.a(light.o)
                0x0000000000002a5c                light_read
 .text.writeCommand
                0x0000000000002ad0       0x48 /Users/lucasabbade/Documents/LPCXpresso_8.2.2/workspace/Lib_EaBaseBoard/Debug/libLib_EaBaseBoard.a(oled.o)
 .text.writeData
                0x0000000000002b18       0x48 /Users/lucasabbade/Documents/LPCXpresso_8.2.2/workspace/Lib_EaBaseBoard/Debug/libLib_EaBaseBoard.a(oled.o)
 .text.hLine    0x0000000000002b60       0x58 /Users/lucasabbade/Documents/LPCXpresso_8.2.2/workspace/Lib_EaBaseBoard/Debug/libLib_EaBaseBoard.a(oled.o)
 .text.vLine    0x0000000000002bb8       0x58 /Users/lucasabbade/Documents/LPCXpresso_8.2.2/workspace/Lib_EaBaseBoard/Debug/libLib_EaBaseBoard.a(oled.o)
 .text.oled_putPixel
                0x0000000000002c10      0x150 /Users/lucasabbade/Documents/LPCXpresso_8.2.2/workspace/Lib_EaBaseBoard/Debug/libLib_EaBaseBoard.a(oled.o)
                0x0000000000002c10                oled_putPixel
 .text.oled_fillRect
                0x0000000000002d60       0xa0 /Users/lucasabbade/Documents/LPCXpresso_8.2.2/workspace/Lib_EaBaseBoard/Debug/libLib_EaBaseBoard.a(oled.o)
                0x0000000000002d60                oled_fillRect
 .text.oled_putChar
                0x0000000000002e00       0xd8 /Users/lucasabbade/Documents/LPCXpresso_8.2.2/workspace/Lib_EaBaseBoard/Debug/libLib_EaBaseBoard.a(oled.o)
                0x0000000000002e00                oled_putChar
 .text.oled_putString
                0x0000000000002ed8       0x54 /Users/lucasabbade/Documents/LPCXpresso_8.2.2/workspace/Lib_EaBaseBoard/Debug/libLib_EaBaseBoard.a(oled.o)
                0x0000000000002ed8                oled_putString
 .text.__main   0x0000000000002f2c       0x14 /Applications/lpcxpresso_8.2.2_650/lpcxpresso/tools/bin/../lib/gcc/arm-none-eabi/5.4.1/../../../../arm-none-eabi/lib/armv7-m/libcr_semihost.a(_cr__main.o)
                0x0000000000002f2c                __main
                0x0000000000002f2c                __CR_SEMIHOST
 .text.memcpy   0x0000000000002f40        0x4 /Applications/lpcxpresso_8.2.2_650/lpcxpresso/tools/bin/../lib/gcc/arm-none-eabi/5.4.1/../../../../arm-none-eabi/lib/armv7-m/libcr_c.a(memcpy.o)
                0x0000000000002f40                memcpy
 .text.memset   0x0000000000002f44        0x4 /Applications/lpcxpresso_8.2.2_650/lpcxpresso/tools/bin/../lib/gcc/arm-none-eabi/5.4.1/../../../../arm-none-eabi/lib/armv7-m/libcr_c.a(memset.o)
                0x0000000000002f44                memset
 .text._initio  0x0000000000002f48       0xa4 /Applications/lpcxpresso_8.2.2_650/lpcxpresso/tools/bin/../lib/gcc/arm-none-eabi/5.4.1/../../../../arm-none-eabi/lib/armv7-m/libcr_c.a(initio.o)
                0x0000000000002f48                _initio
 .text.memcmp   0x0000000000002fec       0x42 /Applications/lpcxpresso_8.2.2_650/lpcxpresso/tools/bin/../lib/gcc/arm-none-eabi/5.4.1/../../../../arm-none-eabi/lib/armv7-m/libcr_c.a(memcmp.o)
                0x0000000000002fec                memcmp
 *fill*         0x000000000000302e        0x2 ff
 .text.setvbuf  0x0000000000003030       0x40 /Applications/lpcxpresso_8.2.2_650/lpcxpresso/tools/bin/../lib/gcc/arm-none-eabi/5.4.1/../../../../arm-none-eabi/lib/armv7-m/libcr_c.a(setvbuf.o)
                0x0000000000003030                setvbuf
 .text.strncpy  0x0000000000003070       0x56 /Applications/lpcxpresso_8.2.2_650/lpcxpresso/tools/bin/../lib/gcc/arm-none-eabi/5.4.1/../../../../arm-none-eabi/lib/armv7-m/libcr_c.a(strncpy.o)
                0x0000000000003070                strncpy
 .text._deferredlazyseek
                0x00000000000030c6       0x44 /Applications/lpcxpresso_8.2.2_650/lpcxpresso/tools/bin/../lib/gcc/arm-none-eabi/5.4.1/../../../../arm-none-eabi/lib/armv7-m/libcr_c.a(_deferredlazyseek.o)
                0x00000000000030c6                _deferredlazyseek
 .text._fdopen  0x000000000000310a       0x6a /Applications/lpcxpresso_8.2.2_650/lpcxpresso/tools/bin/../lib/gcc/arm-none-eabi/5.4.1/../../../../arm-none-eabi/lib/armv7-m/libcr_c.a(_fdopen.o)
                0x000000000000310a                _fdopen
 .text._fflush  0x0000000000003174       0x58 /Applications/lpcxpresso_8.2.2_650/lpcxpresso/tools/bin/../lib/gcc/arm-none-eabi/5.4.1/../../../../arm-none-eabi/lib/armv7-m/libcr_c.a(_fflush.o)
                0x0000000000003174                _fflush
 .text._Cwritebuf
                0x00000000000031cc       0x68 /Applications/lpcxpresso_8.2.2_650/lpcxpresso/tools/bin/../lib/gcc/arm-none-eabi/5.4.1/../../../../arm-none-eabi/lib/armv7-m/libcr_c.a(_writebuf.o)
                0x00000000000031cc                _Cwritebuf
 .text.malloc   0x0000000000003234       0xc8 /Applications/lpcxpresso_8.2.2_650/lpcxpresso/tools/bin/../lib/gcc/arm-none-eabi/5.4.1/../../../../arm-none-eabi/lib/armv7-m/libcr_c.a(alloc.o)
                0x0000000000003234                malloc
 .text.free     0x00000000000032fc       0x30 /Applications/lpcxpresso_8.2.2_650/lpcxpresso/tools/bin/../lib/gcc/arm-none-eabi/5.4.1/../../../../arm-none-eabi/lib/armv7-m/libcr_c.a(alloc.o)
                0x00000000000032fc                free
 .text._Csys_alloc
                0x000000000000332c       0x20 /Applications/lpcxpresso_8.2.2_650/lpcxpresso/tools/bin/../lib/gcc/arm-none-eabi/5.4.1/../../../../arm-none-eabi/lib/armv7-m/libcr_c.a(alloc.o)
                0x000000000000332c                _Csys_alloc
 .text.fclose   0x000000000000334c       0x6c /Applications/lpcxpresso_8.2.2_650/lpcxpresso/tools/bin/../lib/gcc/arm-none-eabi/5.4.1/../../../../arm-none-eabi/lib/armv7-m/libcr_c.a(fclose.o)
                0x000000000000334c                fclose
 .text.fflush   0x00000000000033b8       0x30 /Applications/lpcxpresso_8.2.2_650/lpcxpresso/tools/bin/../lib/gcc/arm-none-eabi/5.4.1/../../../../arm-none-eabi/lib/armv7-m/libcr_c.a(fflush.o)
                0x00000000000033b8                fflush
 .text.fseek    0x00000000000033e8      0x110 /Applications/lpcxpresso_8.2.2_650/lpcxpresso/tools/bin/../lib/gcc/arm-none-eabi/5.4.1/../../../../arm-none-eabi/lib/armv7-m/libcr_c.a(fseek.o)
                0x00000000000033e8                fseek
 .text.ftell    0x00000000000034f8       0x4c /Applications/lpcxpresso_8.2.2_650/lpcxpresso/tools/bin/../lib/gcc/arm-none-eabi/5.4.1/../../../../arm-none-eabi/lib/armv7-m/libcr_c.a(ftell.o)
                0x00000000000034f8                ftell
 .text.remove   0x0000000000003544       0x14 /Applications/lpcxpresso_8.2.2_650/lpcxpresso/tools/bin/../lib/gcc/arm-none-eabi/5.4.1/../../../../arm-none-eabi/lib/armv7-m/libcr_c.a(remove.o)
                0x0000000000003544                remove
 .text.strlen   0x0000000000003558       0x4a /Applications/lpcxpresso_8.2.2_650/lpcxpresso/tools/bin/../lib/gcc/arm-none-eabi/5.4.1/../../../../arm-none-eabi/lib/armv7-m/libcr_c.a(strlen.o)
                0x0000000000003558                strlen
 *fill*         0x00000000000035a2        0x2 ff
 .text._sbrk    0x00000000000035a4       0x40 /Applications/lpcxpresso_8.2.2_650/lpcxpresso/tools/bin/../lib/gcc/arm-none-eabi/5.4.1/../../../../arm-none-eabi/lib/armv7-m/libcr_c.a(_cr_sbrk.o)
                0x00000000000035a4                _sbrk
 .text._do_fflush
                0x00000000000035e4       0x44 /Applications/lpcxpresso_8.2.2_650/lpcxpresso/tools/bin/../lib/gcc/arm-none-eabi/5.4.1/../../../../arm-none-eabi/lib/armv7-m/libcr_c.a(_do_fflush.o)
                0x00000000000035e4                _do_fflush
 .text.__check_heap_overflow
                0x0000000000003628       0x18 /Applications/lpcxpresso_8.2.2_650/lpcxpresso/tools/bin/../lib/gcc/arm-none-eabi/5.4.1/../../../../arm-none-eabi/lib/armv7-m/libcr_c.a(_cr_check_heap.o)
                0x0000000000003628                __check_heap_overflow
 .text.__aeabi_memcpy
                0x0000000000003640       0x34 /Applications/lpcxpresso_8.2.2_650/lpcxpresso/tools/bin/../lib/gcc/arm-none-eabi/5.4.1/armv7-m/libcr_eabihelpers.a(memcpy.o)
                0x0000000000003640                __aeabi_memcpy
                0x000000000000364a                __aeabi_memcpy4
                0x000000000000364a                __aeabi_memcpy8
 .text.__aeabi_memset_lowlevel
                0x0000000000003674       0x32 /Applications/lpcxpresso_8.2.2_650/lpcxpresso/tools/bin/../lib/gcc/arm-none-eabi/5.4.1/armv7-m/libcr_eabihelpers.a(memcpy.o)
                0x0000000000003674                __aeabi_lowlevel_memset
 *fill*         0x00000000000036a6        0x2 ff
 .text.__sys_appexit
                0x00000000000036a8        0xc /Applications/lpcxpresso_8.2.2_650/lpcxpresso/tools/bin/../lib/gcc/arm-none-eabi/5.4.1/../../../../arm-none-eabi/lib/armv7-m/libcr_semihost.a(__sys_appexit.o)
                0x00000000000036a8                __exit
                0x00000000000036a8                __sys_appexit
 .text.__sys_close
                0x00000000000036b4        0xc /Applications/lpcxpresso_8.2.2_650/lpcxpresso/tools/bin/../lib/gcc/arm-none-eabi/5.4.1/../../../../arm-none-eabi/lib/armv7-m/libcr_semihost.a(__sys_close.o)
                0x00000000000036b4                __sys_close
 .text.__sys_flen
                0x00000000000036c0        0xc /Applications/lpcxpresso_8.2.2_650/lpcxpresso/tools/bin/../lib/gcc/arm-none-eabi/5.4.1/../../../../arm-none-eabi/lib/armv7-m/libcr_semihost.a(__sys_flen.o)
                0x00000000000036c0                __sys_flen
 .text.__sys_istty
                0x00000000000036cc        0xc /Applications/lpcxpresso_8.2.2_650/lpcxpresso/tools/bin/../lib/gcc/arm-none-eabi/5.4.1/../../../../arm-none-eabi/lib/armv7-m/libcr_semihost.a(__sys_istty.o)
                0x00000000000036cc                __sys_istty
 .text.__sys_remove
                0x00000000000036d8        0xc /Applications/lpcxpresso_8.2.2_650/lpcxpresso/tools/bin/../lib/gcc/arm-none-eabi/5.4.1/../../../../arm-none-eabi/lib/armv7-m/libcr_semihost.a(__sys_remove.o)
                0x00000000000036d8                __sys_remove
 .text.__sys_seek
                0x00000000000036e4        0xc /Applications/lpcxpresso_8.2.2_650/lpcxpresso/tools/bin/../lib/gcc/arm-none-eabi/5.4.1/../../../../arm-none-eabi/lib/armv7-m/libcr_semihost.a(__sys_seek.o)
                0x00000000000036e4                __sys_seek
 .text.__sys_tmpnam
                0x00000000000036f0        0xc /Applications/lpcxpresso_8.2.2_650/lpcxpresso/tools/bin/../lib/gcc/arm-none-eabi/5.4.1/../../../../arm-none-eabi/lib/armv7-m/libcr_semihost.a(__sys_tmpnam.o)
                0x00000000000036f0                __sys_tmpnam
 .text.__sys_write
                0x00000000000036fc        0xc /Applications/lpcxpresso_8.2.2_650/lpcxpresso/tools/bin/../lib/gcc/arm-none-eabi/5.4.1/../../../../arm-none-eabi/lib/armv7-m/libcr_semihost.a(__sys_write.o)
                0x00000000000036fc                __write
                0x00000000000036fc                __sys_write
 *(.rodata .rodata.* .constdata .constdata.*)
 .rodata        0x0000000000003708       0x6d ./main.o
 *fill*         0x0000000000003775        0x3 ff
 .rodata        0x0000000000003778       0x14 /Users/lucasabbade/Desktop/Inatel/Tópicos 1/FreeRTOS-exemplos-CMSISv2p00/FreeRTOS_Library/Debug/libFreeRTOS_Library.a(tasks.o)
 .rodata.str1.4
                0x000000000000378c        0x8 /Users/lucasabbade/Desktop/Inatel/Tópicos 1/FreeRTOS-exemplos-CMSISv2p00/FreeRTOS_Library/Debug/libFreeRTOS_Library.a(tasks.o)
                                          0x5 (size before relaxing)
 .rodata        0x0000000000003794       0x15 /Users/lucasabbade/Documents/LPCXpresso_8.2.2/workspace/Lib_MCU/Debug/libLib_MCU.a(lpc17xx_adc.o)
 *fill*         0x00000000000037a9        0x3 ff
 .rodata        0x00000000000037ac       0x15 /Users/lucasabbade/Documents/LPCXpresso_8.2.2/workspace/Lib_MCU/Debug/libLib_MCU.a(lpc17xx_ssp.o)
 *fill*         0x00000000000037c1        0x3 ff
 .rodata        0x00000000000037c4        0x8 /Users/lucasabbade/Documents/LPCXpresso_8.2.2/workspace/Lib_EaBaseBoard/Debug/libLib_EaBaseBoard.a(oled.o)
 .rodata        0x00000000000037cc      0x300 /Users/lucasabbade/Documents/LPCXpresso_8.2.2/workspace/Lib_EaBaseBoard/Debug/libLib_EaBaseBoard.a(font5x7.o)
                0x00000000000037cc                font5x7
 .rodata.str1.1
                0x0000000000003acc        0x4 /Applications/lpcxpresso_8.2.2_650/lpcxpresso/tools/bin/../lib/gcc/arm-none-eabi/5.4.1/../../../../arm-none-eabi/lib/armv7-m/libcr_c.a(initio.o)
 .rodata.str1.1
                0x0000000000003ad0       0x18 /Applications/lpcxpresso_8.2.2_650/lpcxpresso/tools/bin/../lib/gcc/arm-none-eabi/5.4.1/../../../../arm-none-eabi/lib/armv7-m/libcr_c.a(alloc.o)
                0x0000000000003ae8                . = ALIGN (0x4)

.glue_7         0x0000000000003ae8        0x0
 .glue_7        0x0000000000003ae8        0x0 linker stubs

.glue_7t        0x0000000000003ae8        0x0
 .glue_7t       0x0000000000003ae8        0x0 linker stubs

.vfp11_veneer   0x0000000000003ae8        0x0
 .vfp11_veneer  0x0000000000003ae8        0x0 linker stubs

.v4_bx          0x0000000000003ae8        0x0
 .v4_bx         0x0000000000003ae8        0x0 linker stubs

.iplt           0x0000000000003ae8        0x0
 .iplt          0x0000000000003ae8        0x0 ./cr_startup_lpc17.o

.rel.dyn        0x0000000000003ae8        0x0
 .rel.iplt      0x0000000000003ae8        0x0 ./cr_startup_lpc17.o

.ARM.extab
 *(.ARM.extab* .gnu.linkonce.armextab.*)
                0x0000000000003ae8                __exidx_start = .

.ARM.exidx
 *(.ARM.exidx* .gnu.linkonce.armexidx.*)
                0x0000000000003ae8                __exidx_end = .
                0x0000000000003ae8                _etext = .

.data_RAM2      0x000000002007c000        0x0 load address 0x0000000000003ae8
 FILL mask 0xff
                [!provide]                        PROVIDE (__start_data_RAM2, .)
 *(.ramfunc.$RAM2)
 *(.ramfunc.$RamAHB32)
 *(.data.$RAM2*)
 *(.data.$RamAHB32*)
                0x000000002007c000                . = ALIGN (0x4)
                [!provide]                        PROVIDE (__end_data_RAM2, .)

.uninit_RESERVED
                0x0000000010000000        0x0
 *(.bss.$RESERVED*)
                0x0000000010000000                . = ALIGN (0x4)
                0x0000000010000000                _end_uninit_RESERVED = .

.data           0x0000000010000000       0x18 load address 0x0000000000003ae8
 FILL mask 0xff
                0x0000000010000000                _data = .
 *(vtable)
 *(.ramfunc*)
 *(.data*)
 .data          0x0000000010000000        0x8 ./main.o
 .data          0x0000000010000008        0x4 /Users/lucasabbade/Desktop/Inatel/Tópicos 1/FreeRTOS-exemplos-CMSISv2p00/FreeRTOS_Library/Debug/libFreeRTOS_Library.a(port.o)
 .data          0x000000001000000c        0x4 /Users/lucasabbade/Desktop/Inatel/Tópicos 1/FreeRTOS-exemplos-CMSISv2p00/FreeRTOS_Library/Debug/libFreeRTOS_Library.a(heap_2.o)
 .data          0x0000000010000010        0x8 /Users/lucasabbade/Documents/LPCXpresso_8.2.2/workspace/Lib_EaBaseBoard/Debug/libLib_EaBaseBoard.a(light.o)
                0x0000000010000018                . = ALIGN (0x4)
                0x0000000010000018                _edata = .

.igot.plt       0x0000000010000018        0x0 load address 0x0000000000003b00
 .igot.plt      0x0000000010000018        0x0 ./cr_startup_lpc17.o

.bss_RAM2       0x000000002007c000        0x0
                [!provide]                        PROVIDE (__start_bss_RAM2, .)
 *(.bss.$RAM2*)
 *(.bss.$RamAHB32*)
                0x000000002007c000                . = ALIGN ((. != 0x0)?0x4:0x1)
                [!provide]                        PROVIDE (__end_bss_RAM2, .)

.bss            0x0000000010000018     0x2db8
                0x0000000010000018                _bss = .
 *(.bss*)
 .bss           0x0000000010000018        0xe ./main.o
 *fill*         0x0000000010000026        0x2 
 .bss           0x0000000010000028      0x100 /Users/lucasabbade/Desktop/Inatel/Tópicos 1/FreeRTOS-exemplos-CMSISv2p00/FreeRTOS_Library/Debug/libFreeRTOS_Library.a(tasks.o)
                0x000000001000002c                pxCurrentTCB
 .bss           0x0000000010000128     0x2818 /Users/lucasabbade/Desktop/Inatel/Tópicos 1/FreeRTOS-exemplos-CMSISv2p00/FreeRTOS_Library/Debug/libFreeRTOS_Library.a(heap_2.o)
 .bss           0x0000000010002940       0x24 /Users/lucasabbade/Documents/LPCXpresso_8.2.2/workspace/Lib_MCU/Debug/libLib_MCU.a(lpc17xx_i2c.o)
 .bss           0x0000000010002964       0x18 /Users/lucasabbade/Documents/LPCXpresso_8.2.2/workspace/Lib_MCU/Debug/libLib_MCU.a(lpc17xx_ssp.o)
 .bss           0x000000001000297c      0x300 /Users/lucasabbade/Documents/LPCXpresso_8.2.2/workspace/Lib_EaBaseBoard/Debug/libLib_EaBaseBoard.a(oled.o)
 .bss._extra    0x0000000010002c7c        0x4 /Applications/lpcxpresso_8.2.2_650/lpcxpresso/tools/bin/../lib/gcc/arm-none-eabi/5.4.1/../../../../arm-none-eabi/lib/armv7-m/libcr_c.a(initio.o)
                0x0000000010002c7c                _extra
 .bss.__Ciob    0x0000000010002c80      0x140 /Applications/lpcxpresso_8.2.2_650/lpcxpresso/tools/bin/../lib/gcc/arm-none-eabi/5.4.1/../../../../arm-none-eabi/lib/armv7-m/libcr_c.a(stdio.o)
                0x0000000010002c80                __Ciob
 .bss.__heaps   0x0000000010002dc0        0x4 /Applications/lpcxpresso_8.2.2_650/lpcxpresso/tools/bin/../lib/gcc/arm-none-eabi/5.4.1/../../../../arm-none-eabi/lib/armv7-m/libcr_c.a(__init_alloc.o)
                0x0000000010002dc0                __heaps
 .bss.__end_of_heap
                0x0000000010002dc4        0x4 /Applications/lpcxpresso_8.2.2_650/lpcxpresso/tools/bin/../lib/gcc/arm-none-eabi/5.4.1/../../../../arm-none-eabi/lib/armv7-m/libcr_c.a(__init_alloc.o)
                0x0000000010002dc4                __end_of_heap
 .bss.errno     0x0000000010002dc8        0x4 /Applications/lpcxpresso_8.2.2_650/lpcxpresso/tools/bin/../lib/gcc/arm-none-eabi/5.4.1/../../../../arm-none-eabi/lib/armv7-m/libcr_c.a(errno.o)
                0x0000000010002dc8                errno
 *(COMMON)
 COMMON         0x0000000010002dcc        0x4 ./main.o
                0x0000000010002dcc                xQueue
                0x0000000010002dd0                . = ALIGN (0x4)
                0x0000000010002dd0                _ebss = .
                [!provide]                        PROVIDE (end, .)

.noinit_RAM2    0x000000002007c000        0x0
 *(.noinit.$RAM2*)
 *(.noinit.$RamAHB32*)
                0x000000002007c000                . = ALIGN (0x4)

.noinit         0x0000000010002dd0        0x0
                0x0000000010002dd0                _noinit = .
 *(.noinit*)
                0x0000000010002dd0                . = ALIGN (0x4)
                0x0000000010002dd0                _end_noinit = .
                0x0000000010002dd0                PROVIDE (_pvHeapStart, DEFINED (__user_heap_base)?__user_heap_base:.)
                0x0000000010008000                PROVIDE (_vStackTop, DEFINED (__user_stack_top)?__user_stack_top:(__top_RamLoc32 - 0x0))
                [!provide]                        PROVIDE (__valid_user_code_checksum, (0x0 - ((((((_vStackTop + (ResetISR + 0x1)) + (NMI_Handler + 0x1)) + (HardFault_Handler + 0x1)) + (DEFINED (MemManage_Handler)?MemManage_Handler:0x0 + 0x1)) + (DEFINED (BusFault_Handler)?BusFault_Handler:0x0 + 0x1)) + (DEFINED (UsageFault_Handler)?UsageFault_Handler:0x0 + 0x1))))
OUTPUT(Example11.axf elf32-littlearm)

.debug_info     0x0000000000000000     0x755b
 .debug_info    0x0000000000000000      0x1bd ./cr_startup_lpc17.o
 .debug_info    0x00000000000001bd     0x1004 ./main.o
 .debug_info    0x00000000000011c1      0x318 /Users/lucasabbade/Documents/LPCXpresso_8.2.2/workspace/CMSISv2p00_LPC17xx/Debug/libCMSISv2p00_LPC17xx.a(system_LPC17xx.o)
 .debug_info    0x00000000000014d9      0x21d /Users/lucasabbade/Desktop/Inatel/Tópicos 1/FreeRTOS-exemplos-CMSISv2p00/FreeRTOS_Library/Debug/libFreeRTOS_Library.a(port.o)
 .debug_info    0x00000000000016f6      0xcfe /Users/lucasabbade/Desktop/Inatel/Tópicos 1/FreeRTOS-exemplos-CMSISv2p00/FreeRTOS_Library/Debug/libFreeRTOS_Library.a(queue.o)
 .debug_info    0x00000000000023f4     0x1585 /Users/lucasabbade/Desktop/Inatel/Tópicos 1/FreeRTOS-exemplos-CMSISv2p00/FreeRTOS_Library/Debug/libFreeRTOS_Library.a(tasks.o)
 .debug_info    0x0000000000003979      0x346 /Users/lucasabbade/Desktop/Inatel/Tópicos 1/FreeRTOS-exemplos-CMSISv2p00/FreeRTOS_Library/Debug/libFreeRTOS_Library.a(heap_2.o)
 .debug_info    0x0000000000003cbf      0x2a2 /Users/lucasabbade/Desktop/Inatel/Tópicos 1/FreeRTOS-exemplos-CMSISv2p00/FreeRTOS_Library/Debug/libFreeRTOS_Library.a(list.o)
 .debug_info    0x0000000000003f61      0x5e5 /Users/lucasabbade/Documents/LPCXpresso_8.2.2/workspace/Lib_MCU/Debug/libLib_MCU.a(lpc17xx_adc.o)
 .debug_info    0x0000000000004546      0xad4 /Users/lucasabbade/Documents/LPCXpresso_8.2.2/workspace/Lib_MCU/Debug/libLib_MCU.a(lpc17xx_gpio.o)
 .debug_info    0x000000000000501a      0xc14 /Users/lucasabbade/Documents/LPCXpresso_8.2.2/workspace/Lib_MCU/Debug/libLib_MCU.a(lpc17xx_i2c.o)
 .debug_info    0x0000000000005c2e       0xc5 /Users/lucasabbade/Documents/LPCXpresso_8.2.2/workspace/Lib_MCU/Debug/libLib_MCU.a(lpc17xx_libcfg_default.o)
 .debug_info    0x0000000000005cf3      0x7e1 /Users/lucasabbade/Documents/LPCXpresso_8.2.2/workspace/Lib_MCU/Debug/libLib_MCU.a(lpc17xx_ssp.o)
 .debug_info    0x00000000000064d4      0x706 /Users/lucasabbade/Documents/LPCXpresso_8.2.2/workspace/Lib_EaBaseBoard/Debug/libLib_EaBaseBoard.a(light.o)
 .debug_info    0x0000000000006bda      0x920 /Users/lucasabbade/Documents/LPCXpresso_8.2.2/workspace/Lib_EaBaseBoard/Debug/libLib_EaBaseBoard.a(oled.o)
 .debug_info    0x00000000000074fa       0x61 /Users/lucasabbade/Documents/LPCXpresso_8.2.2/workspace/Lib_EaBaseBoard/Debug/libLib_EaBaseBoard.a(font5x7.o)

.debug_abbrev   0x0000000000000000     0x1947
 .debug_abbrev  0x0000000000000000       0xb9 ./cr_startup_lpc17.o
 .debug_abbrev  0x00000000000000b9      0x310 ./main.o
 .debug_abbrev  0x00000000000003c9       0xe6 /Users/lucasabbade/Documents/LPCXpresso_8.2.2/workspace/CMSISv2p00_LPC17xx/Debug/libCMSISv2p00_LPC17xx.a(system_LPC17xx.o)
 .debug_abbrev  0x00000000000004af      0x14e /Users/lucasabbade/Desktop/Inatel/Tópicos 1/FreeRTOS-exemplos-CMSISv2p00/FreeRTOS_Library/Debug/libFreeRTOS_Library.a(port.o)
 .debug_abbrev  0x00000000000005fd      0x207 /Users/lucasabbade/Desktop/Inatel/Tópicos 1/FreeRTOS-exemplos-CMSISv2p00/FreeRTOS_Library/Debug/libFreeRTOS_Library.a(queue.o)
 .debug_abbrev  0x0000000000000804      0x2a6 /Users/lucasabbade/Desktop/Inatel/Tópicos 1/FreeRTOS-exemplos-CMSISv2p00/FreeRTOS_Library/Debug/libFreeRTOS_Library.a(tasks.o)
 .debug_abbrev  0x0000000000000aaa      0x1cf /Users/lucasabbade/Desktop/Inatel/Tópicos 1/FreeRTOS-exemplos-CMSISv2p00/FreeRTOS_Library/Debug/libFreeRTOS_Library.a(heap_2.o)
 .debug_abbrev  0x0000000000000c79       0xc7 /Users/lucasabbade/Desktop/Inatel/Tópicos 1/FreeRTOS-exemplos-CMSISv2p00/FreeRTOS_Library/Debug/libFreeRTOS_Library.a(list.o)
 .debug_abbrev  0x0000000000000d40      0x165 /Users/lucasabbade/Documents/LPCXpresso_8.2.2/workspace/Lib_MCU/Debug/libLib_MCU.a(lpc17xx_adc.o)
 .debug_abbrev  0x0000000000000ea5      0x193 /Users/lucasabbade/Documents/LPCXpresso_8.2.2/workspace/Lib_MCU/Debug/libLib_MCU.a(lpc17xx_gpio.o)
 .debug_abbrev  0x0000000000001038      0x28b /Users/lucasabbade/Documents/LPCXpresso_8.2.2/workspace/Lib_MCU/Debug/libLib_MCU.a(lpc17xx_i2c.o)
 .debug_abbrev  0x00000000000012c3       0x6c /Users/lucasabbade/Documents/LPCXpresso_8.2.2/workspace/Lib_MCU/Debug/libLib_MCU.a(lpc17xx_libcfg_default.o)
 .debug_abbrev  0x000000000000132f      0x1fd /Users/lucasabbade/Documents/LPCXpresso_8.2.2/workspace/Lib_MCU/Debug/libLib_MCU.a(lpc17xx_ssp.o)
 .debug_abbrev  0x000000000000152c      0x1d2 /Users/lucasabbade/Documents/LPCXpresso_8.2.2/workspace/Lib_EaBaseBoard/Debug/libLib_EaBaseBoard.a(light.o)
 .debug_abbrev  0x00000000000016fe      0x201 /Users/lucasabbade/Documents/LPCXpresso_8.2.2/workspace/Lib_EaBaseBoard/Debug/libLib_EaBaseBoard.a(oled.o)
 .debug_abbrev  0x00000000000018ff       0x48 /Users/lucasabbade/Documents/LPCXpresso_8.2.2/workspace/Lib_EaBaseBoard/Debug/libLib_EaBaseBoard.a(font5x7.o)

.debug_aranges  0x0000000000000000      0x610
 .debug_aranges
                0x0000000000000000       0x70 ./cr_startup_lpc17.o
 .debug_aranges
                0x0000000000000070       0xa8 ./main.o
 .debug_aranges
                0x0000000000000118       0x28 /Users/lucasabbade/Documents/LPCXpresso_8.2.2/workspace/CMSISv2p00_LPC17xx/Debug/libCMSISv2p00_LPC17xx.a(system_LPC17xx.o)
 .debug_aranges
                0x0000000000000140       0x20 /Users/lucasabbade/Desktop/Inatel/Tópicos 1/FreeRTOS-exemplos-CMSISv2p00/FreeRTOS_Library/Debug/libFreeRTOS_Library.a(port.o)
 .debug_aranges
                0x0000000000000160       0x20 /Users/lucasabbade/Desktop/Inatel/Tópicos 1/FreeRTOS-exemplos-CMSISv2p00/FreeRTOS_Library/Debug/libFreeRTOS_Library.a(queue.o)
 .debug_aranges
                0x0000000000000180       0x20 /Users/lucasabbade/Desktop/Inatel/Tópicos 1/FreeRTOS-exemplos-CMSISv2p00/FreeRTOS_Library/Debug/libFreeRTOS_Library.a(tasks.o)
 .debug_aranges
                0x00000000000001a0       0x20 /Users/lucasabbade/Desktop/Inatel/Tópicos 1/FreeRTOS-exemplos-CMSISv2p00/FreeRTOS_Library/Debug/libFreeRTOS_Library.a(heap_2.o)
 .debug_aranges
                0x00000000000001c0       0x20 /Users/lucasabbade/Desktop/Inatel/Tópicos 1/FreeRTOS-exemplos-CMSISv2p00/FreeRTOS_Library/Debug/libFreeRTOS_Library.a(list.o)
 .debug_aranges
                0x00000000000001e0       0x80 /Users/lucasabbade/Documents/LPCXpresso_8.2.2/workspace/Lib_MCU/Debug/libLib_MCU.a(lpc17xx_adc.o)
 .debug_aranges
                0x0000000000000260       0xc8 /Users/lucasabbade/Documents/LPCXpresso_8.2.2/workspace/Lib_MCU/Debug/libLib_MCU.a(lpc17xx_gpio.o)
 .debug_aranges
                0x0000000000000328       0xd0 /Users/lucasabbade/Documents/LPCXpresso_8.2.2/workspace/Lib_MCU/Debug/libLib_MCU.a(lpc17xx_i2c.o)
 .debug_aranges
                0x00000000000003f8       0x20 /Users/lucasabbade/Documents/LPCXpresso_8.2.2/workspace/Lib_MCU/Debug/libLib_MCU.a(lpc17xx_libcfg_default.o)
 .debug_aranges
                0x0000000000000418       0xb8 /Users/lucasabbade/Documents/LPCXpresso_8.2.2/workspace/Lib_MCU/Debug/libLib_MCU.a(lpc17xx_ssp.o)
 .debug_aranges
                0x00000000000004d0       0x98 /Users/lucasabbade/Documents/LPCXpresso_8.2.2/workspace/Lib_EaBaseBoard/Debug/libLib_EaBaseBoard.a(light.o)
 .debug_aranges
                0x0000000000000568       0x90 /Users/lucasabbade/Documents/LPCXpresso_8.2.2/workspace/Lib_EaBaseBoard/Debug/libLib_EaBaseBoard.a(oled.o)
 .debug_aranges
                0x00000000000005f8       0x18 /Users/lucasabbade/Documents/LPCXpresso_8.2.2/workspace/Lib_EaBaseBoard/Debug/libLib_EaBaseBoard.a(font5x7.o)

.debug_ranges   0x0000000000000000      0x510
 .debug_ranges  0x0000000000000000       0x60 ./cr_startup_lpc17.o
 .debug_ranges  0x0000000000000060       0x98 ./main.o
 .debug_ranges  0x00000000000000f8       0x18 /Users/lucasabbade/Documents/LPCXpresso_8.2.2/workspace/CMSISv2p00_LPC17xx/Debug/libCMSISv2p00_LPC17xx.a(system_LPC17xx.o)
 .debug_ranges  0x0000000000000110       0x10 /Users/lucasabbade/Desktop/Inatel/Tópicos 1/FreeRTOS-exemplos-CMSISv2p00/FreeRTOS_Library/Debug/libFreeRTOS_Library.a(port.o)
 .debug_ranges  0x0000000000000120       0x48 /Users/lucasabbade/Desktop/Inatel/Tópicos 1/FreeRTOS-exemplos-CMSISv2p00/FreeRTOS_Library/Debug/libFreeRTOS_Library.a(tasks.o)
 .debug_ranges  0x0000000000000168       0x70 /Users/lucasabbade/Documents/LPCXpresso_8.2.2/workspace/Lib_MCU/Debug/libLib_MCU.a(lpc17xx_adc.o)
 .debug_ranges  0x00000000000001d8       0xb8 /Users/lucasabbade/Documents/LPCXpresso_8.2.2/workspace/Lib_MCU/Debug/libLib_MCU.a(lpc17xx_gpio.o)
 .debug_ranges  0x0000000000000290       0xc0 /Users/lucasabbade/Documents/LPCXpresso_8.2.2/workspace/Lib_MCU/Debug/libLib_MCU.a(lpc17xx_i2c.o)
 .debug_ranges  0x0000000000000350       0x10 /Users/lucasabbade/Documents/LPCXpresso_8.2.2/workspace/Lib_MCU/Debug/libLib_MCU.a(lpc17xx_libcfg_default.o)
 .debug_ranges  0x0000000000000360       0xa8 /Users/lucasabbade/Documents/LPCXpresso_8.2.2/workspace/Lib_MCU/Debug/libLib_MCU.a(lpc17xx_ssp.o)
 .debug_ranges  0x0000000000000408       0x88 /Users/lucasabbade/Documents/LPCXpresso_8.2.2/workspace/Lib_EaBaseBoard/Debug/libLib_EaBaseBoard.a(light.o)
 .debug_ranges  0x0000000000000490       0x80 /Users/lucasabbade/Documents/LPCXpresso_8.2.2/workspace/Lib_EaBaseBoard/Debug/libLib_EaBaseBoard.a(oled.o)

.debug_macro    0x0000000000000000     0x623d
 .debug_macro   0x0000000000000000       0x52 ./cr_startup_lpc17.o
 .debug_macro   0x0000000000000052      0x880 ./cr_startup_lpc17.o
 .debug_macro   0x00000000000008d2       0x10 ./cr_startup_lpc17.o
 .debug_macro   0x00000000000008e2      0x12d ./cr_startup_lpc17.o
 .debug_macro   0x0000000000000a0f      0x5b2 ./cr_startup_lpc17.o
 .debug_macro   0x0000000000000fc1      0x175 ./main.o
 .debug_macro   0x0000000000001136       0x16 ./main.o
 .debug_macro   0x000000000000114c       0x46 ./main.o
 .debug_macro   0x0000000000001192       0x1c ./main.o
 .debug_macro   0x00000000000011ae       0x2e ./main.o
 .debug_macro   0x00000000000011dc       0x18 ./main.o
 .debug_macro   0x00000000000011f4      0x7af ./main.o
 .debug_macro   0x00000000000019a3      0x2c7 ./main.o
 .debug_macro   0x0000000000001c6a       0xca ./main.o
 .debug_macro   0x0000000000001d34       0xa3 ./main.o
 .debug_macro   0x0000000000001dd7       0x12 ./main.o
 .debug_macro   0x0000000000001de9       0x1e ./main.o
 .debug_macro   0x0000000000001e07      0x162 ./main.o
 .debug_macro   0x0000000000001f69       0x42 ./main.o
 .debug_macro   0x0000000000001fab       0x56 ./main.o
 .debug_macro   0x0000000000002001       0x6a ./main.o
 .debug_macro   0x000000000000206b       0x5d ./main.o
 .debug_macro   0x00000000000020c8      0x143 ./main.o
 .debug_macro   0x000000000000220b      0x192 ./main.o
 .debug_macro   0x000000000000239d       0x46 ./main.o
 .debug_macro   0x00000000000023e3      0x2af ./main.o
 .debug_macro   0x0000000000002692       0xf4 ./main.o
 .debug_macro   0x0000000000002786       0xe9 ./main.o
 .debug_macro   0x000000000000286f       0x16 ./main.o
 .debug_macro   0x0000000000002885      0x12b /Users/lucasabbade/Documents/LPCXpresso_8.2.2/workspace/CMSISv2p00_LPC17xx/Debug/libCMSISv2p00_LPC17xx.a(system_LPC17xx.o)
 .debug_macro   0x00000000000029b0      0x886 /Users/lucasabbade/Documents/LPCXpresso_8.2.2/workspace/CMSISv2p00_LPC17xx/Debug/libCMSISv2p00_LPC17xx.a(system_LPC17xx.o)
 .debug_macro   0x0000000000003236      0x12c /Users/lucasabbade/Desktop/Inatel/Tópicos 1/FreeRTOS-exemplos-CMSISv2p00/FreeRTOS_Library/Debug/libFreeRTOS_Library.a(port.o)
 .debug_macro   0x0000000000003362      0x874 /Users/lucasabbade/Desktop/Inatel/Tópicos 1/FreeRTOS-exemplos-CMSISv2p00/FreeRTOS_Library/Debug/libFreeRTOS_Library.a(port.o)
 .debug_macro   0x0000000000003bd6      0x170 /Users/lucasabbade/Desktop/Inatel/Tópicos 1/FreeRTOS-exemplos-CMSISv2p00/FreeRTOS_Library/Debug/libFreeRTOS_Library.a(queue.o)
 .debug_macro   0x0000000000003d46       0x28 /Users/lucasabbade/Desktop/Inatel/Tópicos 1/FreeRTOS-exemplos-CMSISv2p00/FreeRTOS_Library/Debug/libFreeRTOS_Library.a(queue.o)
 .debug_macro   0x0000000000003d6e       0x49 /Users/lucasabbade/Desktop/Inatel/Tópicos 1/FreeRTOS-exemplos-CMSISv2p00/FreeRTOS_Library/Debug/libFreeRTOS_Library.a(queue.o)
 .debug_macro   0x0000000000003db7      0x179 /Users/lucasabbade/Desktop/Inatel/Tópicos 1/FreeRTOS-exemplos-CMSISv2p00/FreeRTOS_Library/Debug/libFreeRTOS_Library.a(tasks.o)
 .debug_macro   0x0000000000003f30       0xa0 /Users/lucasabbade/Desktop/Inatel/Tópicos 1/FreeRTOS-exemplos-CMSISv2p00/FreeRTOS_Library/Debug/libFreeRTOS_Library.a(tasks.o)
 .debug_macro   0x0000000000003fd0       0x22 /Users/lucasabbade/Desktop/Inatel/Tópicos 1/FreeRTOS-exemplos-CMSISv2p00/FreeRTOS_Library/Debug/libFreeRTOS_Library.a(tasks.o)
 .debug_macro   0x0000000000003ff2       0x16 /Users/lucasabbade/Desktop/Inatel/Tópicos 1/FreeRTOS-exemplos-CMSISv2p00/FreeRTOS_Library/Debug/libFreeRTOS_Library.a(tasks.o)
 .debug_macro   0x0000000000004008      0x11d /Users/lucasabbade/Desktop/Inatel/Tópicos 1/FreeRTOS-exemplos-CMSISv2p00/FreeRTOS_Library/Debug/libFreeRTOS_Library.a(heap_2.o)
 .debug_macro   0x0000000000004125       0xef /Users/lucasabbade/Desktop/Inatel/Tópicos 1/FreeRTOS-exemplos-CMSISv2p00/FreeRTOS_Library/Debug/libFreeRTOS_Library.a(list.o)
 .debug_macro   0x0000000000004214       0x9f /Users/lucasabbade/Documents/LPCXpresso_8.2.2/workspace/Lib_MCU/Debug/libLib_MCU.a(lpc17xx_adc.o)
 .debug_macro   0x00000000000042b3      0x880 /Users/lucasabbade/Documents/LPCXpresso_8.2.2/workspace/Lib_MCU/Debug/libLib_MCU.a(lpc17xx_adc.o)
 .debug_macro   0x0000000000004b33       0x63 /Users/lucasabbade/Documents/LPCXpresso_8.2.2/workspace/Lib_MCU/Debug/libLib_MCU.a(lpc17xx_adc.o)
 .debug_macro   0x0000000000004b96       0xee /Users/lucasabbade/Documents/LPCXpresso_8.2.2/workspace/Lib_MCU/Debug/libLib_MCU.a(lpc17xx_adc.o)
 .debug_macro   0x0000000000004c84      0x2fe /Users/lucasabbade/Documents/LPCXpresso_8.2.2/workspace/Lib_MCU/Debug/libLib_MCU.a(lpc17xx_adc.o)
 .debug_macro   0x0000000000004f82       0xcb /Users/lucasabbade/Documents/LPCXpresso_8.2.2/workspace/Lib_MCU/Debug/libLib_MCU.a(lpc17xx_adc.o)
 .debug_macro   0x000000000000504d       0x96 /Users/lucasabbade/Documents/LPCXpresso_8.2.2/workspace/Lib_MCU/Debug/libLib_MCU.a(lpc17xx_gpio.o)
 .debug_macro   0x00000000000050e3       0x40 /Users/lucasabbade/Documents/LPCXpresso_8.2.2/workspace/Lib_MCU/Debug/libLib_MCU.a(lpc17xx_gpio.o)
 .debug_macro   0x0000000000005123       0xa8 /Users/lucasabbade/Documents/LPCXpresso_8.2.2/workspace/Lib_MCU/Debug/libLib_MCU.a(lpc17xx_i2c.o)
 .debug_macro   0x00000000000051cb      0x18c /Users/lucasabbade/Documents/LPCXpresso_8.2.2/workspace/Lib_MCU/Debug/libLib_MCU.a(lpc17xx_i2c.o)
 .debug_macro   0x0000000000005357      0x149 /Users/lucasabbade/Documents/LPCXpresso_8.2.2/workspace/Lib_MCU/Debug/libLib_MCU.a(lpc17xx_i2c.o)
 .debug_macro   0x00000000000054a0       0x5a /Users/lucasabbade/Documents/LPCXpresso_8.2.2/workspace/Lib_MCU/Debug/libLib_MCU.a(lpc17xx_libcfg_default.o)
 .debug_macro   0x00000000000054fa       0x5d /Users/lucasabbade/Documents/LPCXpresso_8.2.2/workspace/Lib_MCU/Debug/libLib_MCU.a(lpc17xx_libcfg_default.o)
 .debug_macro   0x0000000000005557       0xc5 /Users/lucasabbade/Documents/LPCXpresso_8.2.2/workspace/Lib_MCU/Debug/libLib_MCU.a(lpc17xx_libcfg_default.o)
 .debug_macro   0x000000000000561c       0x9f /Users/lucasabbade/Documents/LPCXpresso_8.2.2/workspace/Lib_MCU/Debug/libLib_MCU.a(lpc17xx_ssp.o)
 .debug_macro   0x00000000000056bb      0x2a9 /Users/lucasabbade/Documents/LPCXpresso_8.2.2/workspace/Lib_MCU/Debug/libLib_MCU.a(lpc17xx_ssp.o)
 .debug_macro   0x0000000000005964      0x139 /Users/lucasabbade/Documents/LPCXpresso_8.2.2/workspace/Lib_EaBaseBoard/Debug/libLib_EaBaseBoard.a(light.o)
 .debug_macro   0x0000000000005a9d       0xf0 /Users/lucasabbade/Documents/LPCXpresso_8.2.2/workspace/Lib_EaBaseBoard/Debug/libLib_EaBaseBoard.a(oled.o)
 .debug_macro   0x0000000000005b8d       0x1a /Users/lucasabbade/Documents/LPCXpresso_8.2.2/workspace/Lib_EaBaseBoard/Debug/libLib_EaBaseBoard.a(font5x7.o)
 .debug_macro   0x0000000000005ba7      0x696 /Users/lucasabbade/Documents/LPCXpresso_8.2.2/workspace/Lib_EaBaseBoard/Debug/libLib_EaBaseBoard.a(font5x7.o)

.debug_line     0x0000000000000000     0x4005
 .debug_line    0x0000000000000000      0x25f ./cr_startup_lpc17.o
 .debug_line    0x000000000000025f      0x6d1 ./main.o
 .debug_line    0x0000000000000930      0x1e1 /Users/lucasabbade/Documents/LPCXpresso_8.2.2/workspace/CMSISv2p00_LPC17xx/Debug/libCMSISv2p00_LPC17xx.a(system_LPC17xx.o)
 .debug_line    0x0000000000000b11      0x328 /Users/lucasabbade/Desktop/Inatel/Tópicos 1/FreeRTOS-exemplos-CMSISv2p00/FreeRTOS_Library/Debug/libFreeRTOS_Library.a(port.o)
 .debug_line    0x0000000000000e39      0x42b /Users/lucasabbade/Desktop/Inatel/Tópicos 1/FreeRTOS-exemplos-CMSISv2p00/FreeRTOS_Library/Debug/libFreeRTOS_Library.a(queue.o)
 .debug_line    0x0000000000001264      0x5ce /Users/lucasabbade/Desktop/Inatel/Tópicos 1/FreeRTOS-exemplos-CMSISv2p00/FreeRTOS_Library/Debug/libFreeRTOS_Library.a(tasks.o)
 .debug_line    0x0000000000001832      0x357 /Users/lucasabbade/Desktop/Inatel/Tópicos 1/FreeRTOS-exemplos-CMSISv2p00/FreeRTOS_Library/Debug/libFreeRTOS_Library.a(heap_2.o)
 .debug_line    0x0000000000001b89      0x31d /Users/lucasabbade/Desktop/Inatel/Tópicos 1/FreeRTOS-exemplos-CMSISv2p00/FreeRTOS_Library/Debug/libFreeRTOS_Library.a(list.o)
 .debug_line    0x0000000000001ea6      0x42a /Users/lucasabbade/Documents/LPCXpresso_8.2.2/workspace/Lib_MCU/Debug/libLib_MCU.a(lpc17xx_adc.o)
 .debug_line    0x00000000000022d0      0x43c /Users/lucasabbade/Documents/LPCXpresso_8.2.2/workspace/Lib_MCU/Debug/libLib_MCU.a(lpc17xx_gpio.o)
 .debug_line    0x000000000000270c      0x711 /Users/lucasabbade/Documents/LPCXpresso_8.2.2/workspace/Lib_MCU/Debug/libLib_MCU.a(lpc17xx_i2c.o)
 .debug_line    0x0000000000002e1d      0x18f /Users/lucasabbade/Documents/LPCXpresso_8.2.2/workspace/Lib_MCU/Debug/libLib_MCU.a(lpc17xx_libcfg_default.o)
 .debug_line    0x0000000000002fac      0x642 /Users/lucasabbade/Documents/LPCXpresso_8.2.2/workspace/Lib_MCU/Debug/libLib_MCU.a(lpc17xx_ssp.o)
 .debug_line    0x00000000000035ee      0x3dc /Users/lucasabbade/Documents/LPCXpresso_8.2.2/workspace/Lib_EaBaseBoard/Debug/libLib_EaBaseBoard.a(light.o)
 .debug_line    0x00000000000039ca      0x5ae /Users/lucasabbade/Documents/LPCXpresso_8.2.2/workspace/Lib_EaBaseBoard/Debug/libLib_EaBaseBoard.a(oled.o)
 .debug_line    0x0000000000003f78       0x8d /Users/lucasabbade/Documents/LPCXpresso_8.2.2/workspace/Lib_EaBaseBoard/Debug/libLib_EaBaseBoard.a(font5x7.o)

.debug_str      0x0000000000000000    0x13620
 .debug_str     0x0000000000000000     0x3ced ./cr_startup_lpc17.o
                                       0x3d7e (size before relaxing)
 .debug_str     0x0000000000003ced     0x99a9 ./main.o
                                       0xd640 (size before relaxing)
 .debug_str     0x000000000000d696      0x531 /Users/lucasabbade/Documents/LPCXpresso_8.2.2/workspace/CMSISv2p00_LPC17xx/Debug/libCMSISv2p00_LPC17xx.a(system_LPC17xx.o)
                                       0x814b (size before relaxing)
 .debug_str     0x000000000000dbc7      0x468 /Users/lucasabbade/Desktop/Inatel/Tópicos 1/FreeRTOS-exemplos-CMSISv2p00/FreeRTOS_Library/Debug/libFreeRTOS_Library.a(port.o)
                                       0x992b (size before relaxing)
 .debug_str     0x000000000000e02f      0xd1d /Users/lucasabbade/Desktop/Inatel/Tópicos 1/FreeRTOS-exemplos-CMSISv2p00/FreeRTOS_Library/Debug/libFreeRTOS_Library.a(queue.o)
                                       0xa37c (size before relaxing)
 .debug_str     0x000000000000ed4c      0xfd1 /Users/lucasabbade/Desktop/Inatel/Tópicos 1/FreeRTOS-exemplos-CMSISv2p00/FreeRTOS_Library/Debug/libFreeRTOS_Library.a(tasks.o)
                                       0xa92b (size before relaxing)
 .debug_str     0x000000000000fd1d      0x442 /Users/lucasabbade/Desktop/Inatel/Tópicos 1/FreeRTOS-exemplos-CMSISv2p00/FreeRTOS_Library/Debug/libFreeRTOS_Library.a(heap_2.o)
                                       0x9ad9 (size before relaxing)
 .debug_str     0x000000000001015f       0x47 /Users/lucasabbade/Desktop/Inatel/Tópicos 1/FreeRTOS-exemplos-CMSISv2p00/FreeRTOS_Library/Debug/libFreeRTOS_Library.a(list.o)
                                       0x9407 (size before relaxing)
 .debug_str     0x00000000000101a6     0x1651 /Users/lucasabbade/Documents/LPCXpresso_8.2.2/workspace/Lib_MCU/Debug/libLib_MCU.a(lpc17xx_adc.o)
                                       0x9cd1 (size before relaxing)
 .debug_str     0x00000000000117f7      0x213 /Users/lucasabbade/Documents/LPCXpresso_8.2.2/workspace/Lib_MCU/Debug/libLib_MCU.a(lpc17xx_gpio.o)
                                       0x8562 (size before relaxing)
 .debug_str     0x0000000000011a0a      0x3c4 /Users/lucasabbade/Documents/LPCXpresso_8.2.2/workspace/Lib_MCU/Debug/libLib_MCU.a(lpc17xx_i2c.o)
                                       0xa5ff (size before relaxing)
 .debug_str     0x0000000000011dce       0x32 /Users/lucasabbade/Documents/LPCXpresso_8.2.2/workspace/Lib_MCU/Debug/libLib_MCU.a(lpc17xx_libcfg_default.o)
                                       0x3f21 (size before relaxing)
 .debug_str     0x0000000000011e00      0x24e /Users/lucasabbade/Documents/LPCXpresso_8.2.2/workspace/Lib_MCU/Debug/libLib_MCU.a(lpc17xx_ssp.o)
                                       0xa54a (size before relaxing)
 .debug_str     0x000000000001204e      0x498 /Users/lucasabbade/Documents/LPCXpresso_8.2.2/workspace/Lib_EaBaseBoard/Debug/libLib_EaBaseBoard.a(light.o)
                                       0x8cff (size before relaxing)
 .debug_str     0x00000000000124e6      0x319 /Users/lucasabbade/Documents/LPCXpresso_8.2.2/workspace/Lib_EaBaseBoard/Debug/libLib_EaBaseBoard.a(oled.o)
                                       0x9d8b (size before relaxing)
 .debug_str     0x00000000000127ff      0xe21 /Users/lucasabbade/Documents/LPCXpresso_8.2.2/workspace/Lib_EaBaseBoard/Debug/libLib_EaBaseBoard.a(font5x7.o)
                                       0x32d2 (size before relaxing)

.comment        0x0000000000000000       0xdc
 .comment       0x0000000000000000       0x6e ./cr_startup_lpc17.o
                                         0x6f (size before relaxing)
 .comment       0x000000000000006e       0x6f ./main.o
 .comment       0x000000000000006e       0x6f /Users/lucasabbade/Documents/LPCXpresso_8.2.2/workspace/CMSISv2p00_LPC17xx/Debug/libCMSISv2p00_LPC17xx.a(system_LPC17xx.o)
 .comment       0x000000000000006e       0x6f /Users/lucasabbade/Desktop/Inatel/Tópicos 1/FreeRTOS-exemplos-CMSISv2p00/FreeRTOS_Library/Debug/libFreeRTOS_Library.a(port.o)
 .comment       0x000000000000006e       0x6f /Users/lucasabbade/Desktop/Inatel/Tópicos 1/FreeRTOS-exemplos-CMSISv2p00/FreeRTOS_Library/Debug/libFreeRTOS_Library.a(queue.o)
 .comment       0x000000000000006e       0x6f /Users/lucasabbade/Desktop/Inatel/Tópicos 1/FreeRTOS-exemplos-CMSISv2p00/FreeRTOS_Library/Debug/libFreeRTOS_Library.a(tasks.o)
 .comment       0x000000000000006e       0x6f /Users/lucasabbade/Desktop/Inatel/Tópicos 1/FreeRTOS-exemplos-CMSISv2p00/FreeRTOS_Library/Debug/libFreeRTOS_Library.a(heap_2.o)
 .comment       0x000000000000006e       0x6f /Users/lucasabbade/Desktop/Inatel/Tópicos 1/FreeRTOS-exemplos-CMSISv2p00/FreeRTOS_Library/Debug/libFreeRTOS_Library.a(list.o)
 .comment       0x000000000000006e       0x6f /Users/lucasabbade/Documents/LPCXpresso_8.2.2/workspace/Lib_MCU/Debug/libLib_MCU.a(lpc17xx_adc.o)
 .comment       0x000000000000006e       0x6f /Users/lucasabbade/Documents/LPCXpresso_8.2.2/workspace/Lib_MCU/Debug/libLib_MCU.a(lpc17xx_gpio.o)
 .comment       0x000000000000006e       0x6f /Users/lucasabbade/Documents/LPCXpresso_8.2.2/workspace/Lib_MCU/Debug/libLib_MCU.a(lpc17xx_i2c.o)
 .comment       0x000000000000006e       0x6f /Users/lucasabbade/Documents/LPCXpresso_8.2.2/workspace/Lib_MCU/Debug/libLib_MCU.a(lpc17xx_libcfg_default.o)
 .comment       0x000000000000006e       0x6f /Users/lucasabbade/Documents/LPCXpresso_8.2.2/workspace/Lib_MCU/Debug/libLib_MCU.a(lpc17xx_ssp.o)
 .comment       0x000000000000006e       0x6f /Users/lucasabbade/Documents/LPCXpresso_8.2.2/workspace/Lib_EaBaseBoard/Debug/libLib_EaBaseBoard.a(light.o)
 .comment       0x000000000000006e       0x6f /Users/lucasabbade/Documents/LPCXpresso_8.2.2/workspace/Lib_EaBaseBoard/Debug/libLib_EaBaseBoard.a(oled.o)
 .comment       0x000000000000006e       0x6f /Users/lucasabbade/Documents/LPCXpresso_8.2.2/workspace/Lib_EaBaseBoard/Debug/libLib_EaBaseBoard.a(font5x7.o)
 .comment       0x000000000000006e       0x6e /Applications/lpcxpresso_8.2.2_650/lpcxpresso/tools/bin/../lib/gcc/arm-none-eabi/5.4.1/../../../../arm-none-eabi/lib/armv7-m/libcr_semihost.a(_cr__main.o)
                                         0x6f (size before relaxing)
 .comment       0x00000000000000dc       0x6f /Applications/lpcxpresso_8.2.2_650/lpcxpresso/tools/bin/../lib/gcc/arm-none-eabi/5.4.1/../../../../arm-none-eabi/lib/armv7-m/libcr_c.a(memcpy.o)
 .comment       0x00000000000000dc       0x6f /Applications/lpcxpresso_8.2.2_650/lpcxpresso/tools/bin/../lib/gcc/arm-none-eabi/5.4.1/../../../../arm-none-eabi/lib/armv7-m/libcr_c.a(memset.o)
 .comment       0x00000000000000dc       0x6f /Applications/lpcxpresso_8.2.2_650/lpcxpresso/tools/bin/../lib/gcc/arm-none-eabi/5.4.1/../../../../arm-none-eabi/lib/armv7-m/libcr_c.a(initio.o)
 .comment       0x00000000000000dc       0x6f /Applications/lpcxpresso_8.2.2_650/lpcxpresso/tools/bin/../lib/gcc/arm-none-eabi/5.4.1/../../../../arm-none-eabi/lib/armv7-m/libcr_c.a(memcmp.o)
 .comment       0x00000000000000dc       0x6f /Applications/lpcxpresso_8.2.2_650/lpcxpresso/tools/bin/../lib/gcc/arm-none-eabi/5.4.1/../../../../arm-none-eabi/lib/armv7-m/libcr_c.a(setvbuf.o)
 .comment       0x00000000000000dc       0x6f /Applications/lpcxpresso_8.2.2_650/lpcxpresso/tools/bin/../lib/gcc/arm-none-eabi/5.4.1/../../../../arm-none-eabi/lib/armv7-m/libcr_c.a(stdio.o)
 .comment       0x00000000000000dc       0x6f /Applications/lpcxpresso_8.2.2_650/lpcxpresso/tools/bin/../lib/gcc/arm-none-eabi/5.4.1/../../../../arm-none-eabi/lib/armv7-m/libcr_c.a(strncpy.o)
 .comment       0x00000000000000dc       0x6f /Applications/lpcxpresso_8.2.2_650/lpcxpresso/tools/bin/../lib/gcc/arm-none-eabi/5.4.1/../../../../arm-none-eabi/lib/armv7-m/libcr_c.a(_deferredlazyseek.o)
 .comment       0x00000000000000dc       0x6f /Applications/lpcxpresso_8.2.2_650/lpcxpresso/tools/bin/../lib/gcc/arm-none-eabi/5.4.1/../../../../arm-none-eabi/lib/armv7-m/libcr_c.a(_fdopen.o)
 .comment       0x00000000000000dc       0x6f /Applications/lpcxpresso_8.2.2_650/lpcxpresso/tools/bin/../lib/gcc/arm-none-eabi/5.4.1/../../../../arm-none-eabi/lib/armv7-m/libcr_c.a(_fflush.o)
 .comment       0x00000000000000dc       0x6f /Applications/lpcxpresso_8.2.2_650/lpcxpresso/tools/bin/../lib/gcc/arm-none-eabi/5.4.1/../../../../arm-none-eabi/lib/armv7-m/libcr_c.a(_writebuf.o)
 .comment       0x00000000000000dc       0x6f /Applications/lpcxpresso_8.2.2_650/lpcxpresso/tools/bin/../lib/gcc/arm-none-eabi/5.4.1/../../../../arm-none-eabi/lib/armv7-m/libcr_c.a(alloc.o)
 .comment       0x00000000000000dc       0x6f /Applications/lpcxpresso_8.2.2_650/lpcxpresso/tools/bin/../lib/gcc/arm-none-eabi/5.4.1/../../../../arm-none-eabi/lib/armv7-m/libcr_c.a(fclose.o)
 .comment       0x00000000000000dc       0x6f /Applications/lpcxpresso_8.2.2_650/lpcxpresso/tools/bin/../lib/gcc/arm-none-eabi/5.4.1/../../../../arm-none-eabi/lib/armv7-m/libcr_c.a(fflush.o)
 .comment       0x00000000000000dc       0x6f /Applications/lpcxpresso_8.2.2_650/lpcxpresso/tools/bin/../lib/gcc/arm-none-eabi/5.4.1/../../../../arm-none-eabi/lib/armv7-m/libcr_c.a(fseek.o)
 .comment       0x00000000000000dc       0x6f /Applications/lpcxpresso_8.2.2_650/lpcxpresso/tools/bin/../lib/gcc/arm-none-eabi/5.4.1/../../../../arm-none-eabi/lib/armv7-m/libcr_c.a(ftell.o)
 .comment       0x00000000000000dc       0x6f /Applications/lpcxpresso_8.2.2_650/lpcxpresso/tools/bin/../lib/gcc/arm-none-eabi/5.4.1/../../../../arm-none-eabi/lib/armv7-m/libcr_c.a(remove.o)
 .comment       0x00000000000000dc       0x6f /Applications/lpcxpresso_8.2.2_650/lpcxpresso/tools/bin/../lib/gcc/arm-none-eabi/5.4.1/../../../../arm-none-eabi/lib/armv7-m/libcr_c.a(strlen.o)
 .comment       0x00000000000000dc       0x6f /Applications/lpcxpresso_8.2.2_650/lpcxpresso/tools/bin/../lib/gcc/arm-none-eabi/5.4.1/../../../../arm-none-eabi/lib/armv7-m/libcr_c.a(__init_alloc.o)
 .comment       0x00000000000000dc       0x6f /Applications/lpcxpresso_8.2.2_650/lpcxpresso/tools/bin/../lib/gcc/arm-none-eabi/5.4.1/../../../../arm-none-eabi/lib/armv7-m/libcr_c.a(_cr_sbrk.o)
 .comment       0x00000000000000dc       0x6f /Applications/lpcxpresso_8.2.2_650/lpcxpresso/tools/bin/../lib/gcc/arm-none-eabi/5.4.1/../../../../arm-none-eabi/lib/armv7-m/libcr_c.a(_do_fflush.o)
 .comment       0x00000000000000dc       0x6f /Applications/lpcxpresso_8.2.2_650/lpcxpresso/tools/bin/../lib/gcc/arm-none-eabi/5.4.1/../../../../arm-none-eabi/lib/armv7-m/libcr_c.a(errno.o)
 .comment       0x00000000000000dc       0x6f /Applications/lpcxpresso_8.2.2_650/lpcxpresso/tools/bin/../lib/gcc/arm-none-eabi/5.4.1/../../../../arm-none-eabi/lib/armv7-m/libcr_c.a(_cr_check_heap.o)

.ARM.attributes
                0x0000000000000000       0x31
 .ARM.attributes
                0x0000000000000000       0x33 ./cr_startup_lpc17.o
 .ARM.attributes
                0x0000000000000033       0x33 ./main.o
 .ARM.attributes
                0x0000000000000066       0x33 /Users/lucasabbade/Documents/LPCXpresso_8.2.2/workspace/CMSISv2p00_LPC17xx/Debug/libCMSISv2p00_LPC17xx.a(system_LPC17xx.o)
 .ARM.attributes
                0x0000000000000099       0x33 /Users/lucasabbade/Desktop/Inatel/Tópicos 1/FreeRTOS-exemplos-CMSISv2p00/FreeRTOS_Library/Debug/libFreeRTOS_Library.a(port.o)
 .ARM.attributes
                0x00000000000000cc       0x33 /Users/lucasabbade/Desktop/Inatel/Tópicos 1/FreeRTOS-exemplos-CMSISv2p00/FreeRTOS_Library/Debug/libFreeRTOS_Library.a(queue.o)
 .ARM.attributes
                0x00000000000000ff       0x33 /Users/lucasabbade/Desktop/Inatel/Tópicos 1/FreeRTOS-exemplos-CMSISv2p00/FreeRTOS_Library/Debug/libFreeRTOS_Library.a(tasks.o)
 .ARM.attributes
                0x0000000000000132       0x33 /Users/lucasabbade/Desktop/Inatel/Tópicos 1/FreeRTOS-exemplos-CMSISv2p00/FreeRTOS_Library/Debug/libFreeRTOS_Library.a(heap_2.o)
 .ARM.attributes
                0x0000000000000165       0x33 /Users/lucasabbade/Desktop/Inatel/Tópicos 1/FreeRTOS-exemplos-CMSISv2p00/FreeRTOS_Library/Debug/libFreeRTOS_Library.a(list.o)
 .ARM.attributes
                0x0000000000000198       0x33 /Users/lucasabbade/Documents/LPCXpresso_8.2.2/workspace/Lib_MCU/Debug/libLib_MCU.a(lpc17xx_adc.o)
 .ARM.attributes
                0x00000000000001cb       0x33 /Users/lucasabbade/Documents/LPCXpresso_8.2.2/workspace/Lib_MCU/Debug/libLib_MCU.a(lpc17xx_gpio.o)
 .ARM.attributes
                0x00000000000001fe       0x33 /Users/lucasabbade/Documents/LPCXpresso_8.2.2/workspace/Lib_MCU/Debug/libLib_MCU.a(lpc17xx_i2c.o)
 .ARM.attributes
                0x0000000000000231       0x33 /Users/lucasabbade/Documents/LPCXpresso_8.2.2/workspace/Lib_MCU/Debug/libLib_MCU.a(lpc17xx_libcfg_default.o)
 .ARM.attributes
                0x0000000000000264       0x33 /Users/lucasabbade/Documents/LPCXpresso_8.2.2/workspace/Lib_MCU/Debug/libLib_MCU.a(lpc17xx_ssp.o)
 .ARM.attributes
                0x0000000000000297       0x33 /Users/lucasabbade/Documents/LPCXpresso_8.2.2/workspace/Lib_EaBaseBoard/Debug/libLib_EaBaseBoard.a(light.o)
 .ARM.attributes
                0x00000000000002ca       0x33 /Users/lucasabbade/Documents/LPCXpresso_8.2.2/workspace/Lib_EaBaseBoard/Debug/libLib_EaBaseBoard.a(oled.o)
 .ARM.attributes
                0x00000000000002fd       0x33 /Users/lucasabbade/Documents/LPCXpresso_8.2.2/workspace/Lib_EaBaseBoard/Debug/libLib_EaBaseBoard.a(font5x7.o)
 .ARM.attributes
                0x0000000000000330       0x33 /Applications/lpcxpresso_8.2.2_650/lpcxpresso/tools/bin/../lib/gcc/arm-none-eabi/5.4.1/../../../../arm-none-eabi/lib/armv7-m/libcr_semihost.a(_cr__main.o)
 .ARM.attributes
                0x0000000000000363       0x33 /Applications/lpcxpresso_8.2.2_650/lpcxpresso/tools/bin/../lib/gcc/arm-none-eabi/5.4.1/../../../../arm-none-eabi/lib/armv7-m/libcr_c.a(memcpy.o)
 .ARM.attributes
                0x0000000000000396       0x33 /Applications/lpcxpresso_8.2.2_650/lpcxpresso/tools/bin/../lib/gcc/arm-none-eabi/5.4.1/../../../../arm-none-eabi/lib/armv7-m/libcr_c.a(memset.o)
 .ARM.attributes
                0x00000000000003c9       0x33 /Applications/lpcxpresso_8.2.2_650/lpcxpresso/tools/bin/../lib/gcc/arm-none-eabi/5.4.1/../../../../arm-none-eabi/lib/armv7-m/libcr_c.a(initio.o)
 .ARM.attributes
                0x00000000000003fc       0x33 /Applications/lpcxpresso_8.2.2_650/lpcxpresso/tools/bin/../lib/gcc/arm-none-eabi/5.4.1/../../../../arm-none-eabi/lib/armv7-m/libcr_c.a(memcmp.o)
 .ARM.attributes
                0x000000000000042f       0x33 /Applications/lpcxpresso_8.2.2_650/lpcxpresso/tools/bin/../lib/gcc/arm-none-eabi/5.4.1/../../../../arm-none-eabi/lib/armv7-m/libcr_c.a(setvbuf.o)
 .ARM.attributes
                0x0000000000000462       0x33 /Applications/lpcxpresso_8.2.2_650/lpcxpresso/tools/bin/../lib/gcc/arm-none-eabi/5.4.1/../../../../arm-none-eabi/lib/armv7-m/libcr_c.a(stdio.o)
 .ARM.attributes
                0x0000000000000495       0x33 /Applications/lpcxpresso_8.2.2_650/lpcxpresso/tools/bin/../lib/gcc/arm-none-eabi/5.4.1/../../../../arm-none-eabi/lib/armv7-m/libcr_c.a(strncpy.o)
 .ARM.attributes
                0x00000000000004c8       0x33 /Applications/lpcxpresso_8.2.2_650/lpcxpresso/tools/bin/../lib/gcc/arm-none-eabi/5.4.1/../../../../arm-none-eabi/lib/armv7-m/libcr_c.a(_deferredlazyseek.o)
 .ARM.attributes
                0x00000000000004fb       0x33 /Applications/lpcxpresso_8.2.2_650/lpcxpresso/tools/bin/../lib/gcc/arm-none-eabi/5.4.1/../../../../arm-none-eabi/lib/armv7-m/libcr_c.a(_fdopen.o)
 .ARM.attributes
                0x000000000000052e       0x33 /Applications/lpcxpresso_8.2.2_650/lpcxpresso/tools/bin/../lib/gcc/arm-none-eabi/5.4.1/../../../../arm-none-eabi/lib/armv7-m/libcr_c.a(_fflush.o)
 .ARM.attributes
                0x0000000000000561       0x33 /Applications/lpcxpresso_8.2.2_650/lpcxpresso/tools/bin/../lib/gcc/arm-none-eabi/5.4.1/../../../../arm-none-eabi/lib/armv7-m/libcr_c.a(_writebuf.o)
 .ARM.attributes
                0x0000000000000594       0x33 /Applications/lpcxpresso_8.2.2_650/lpcxpresso/tools/bin/../lib/gcc/arm-none-eabi/5.4.1/../../../../arm-none-eabi/lib/armv7-m/libcr_c.a(alloc.o)
 .ARM.attributes
                0x00000000000005c7       0x33 /Applications/lpcxpresso_8.2.2_650/lpcxpresso/tools/bin/../lib/gcc/arm-none-eabi/5.4.1/../../../../arm-none-eabi/lib/armv7-m/libcr_c.a(fclose.o)
 .ARM.attributes
                0x00000000000005fa       0x33 /Applications/lpcxpresso_8.2.2_650/lpcxpresso/tools/bin/../lib/gcc/arm-none-eabi/5.4.1/../../../../arm-none-eabi/lib/armv7-m/libcr_c.a(fflush.o)
 .ARM.attributes
                0x000000000000062d       0x33 /Applications/lpcxpresso_8.2.2_650/lpcxpresso/tools/bin/../lib/gcc/arm-none-eabi/5.4.1/../../../../arm-none-eabi/lib/armv7-m/libcr_c.a(fseek.o)
 .ARM.attributes
                0x0000000000000660       0x33 /Applications/lpcxpresso_8.2.2_650/lpcxpresso/tools/bin/../lib/gcc/arm-none-eabi/5.4.1/../../../../arm-none-eabi/lib/armv7-m/libcr_c.a(ftell.o)
 .ARM.attributes
                0x0000000000000693       0x33 /Applications/lpcxpresso_8.2.2_650/lpcxpresso/tools/bin/../lib/gcc/arm-none-eabi/5.4.1/../../../../arm-none-eabi/lib/armv7-m/libcr_c.a(remove.o)
 .ARM.attributes
                0x00000000000006c6       0x33 /Applications/lpcxpresso_8.2.2_650/lpcxpresso/tools/bin/../lib/gcc/arm-none-eabi/5.4.1/../../../../arm-none-eabi/lib/armv7-m/libcr_c.a(strlen.o)
 .ARM.attributes
                0x00000000000006f9       0x33 /Applications/lpcxpresso_8.2.2_650/lpcxpresso/tools/bin/../lib/gcc/arm-none-eabi/5.4.1/../../../../arm-none-eabi/lib/armv7-m/libcr_c.a(__init_alloc.o)
 .ARM.attributes
                0x000000000000072c       0x33 /Applications/lpcxpresso_8.2.2_650/lpcxpresso/tools/bin/../lib/gcc/arm-none-eabi/5.4.1/../../../../arm-none-eabi/lib/armv7-m/libcr_c.a(_cr_sbrk.o)
 .ARM.attributes
                0x000000000000075f       0x33 /Applications/lpcxpresso_8.2.2_650/lpcxpresso/tools/bin/../lib/gcc/arm-none-eabi/5.4.1/../../../../arm-none-eabi/lib/armv7-m/libcr_c.a(_do_fflush.o)
 .ARM.attributes
                0x0000000000000792       0x33 /Applications/lpcxpresso_8.2.2_650/lpcxpresso/tools/bin/../lib/gcc/arm-none-eabi/5.4.1/../../../../arm-none-eabi/lib/armv7-m/libcr_c.a(errno.o)
 .ARM.attributes
                0x00000000000007c5       0x33 /Applications/lpcxpresso_8.2.2_650/lpcxpresso/tools/bin/../lib/gcc/arm-none-eabi/5.4.1/../../../../arm-none-eabi/lib/armv7-m/libcr_c.a(_cr_check_heap.o)
 .ARM.attributes
                0x00000000000007f8       0x21 /Applications/lpcxpresso_8.2.2_650/lpcxpresso/tools/bin/../lib/gcc/arm-none-eabi/5.4.1/armv7-m/libcr_eabihelpers.a(memcpy.o)
 .ARM.attributes
                0x0000000000000819       0x21 /Applications/lpcxpresso_8.2.2_650/lpcxpresso/tools/bin/../lib/gcc/arm-none-eabi/5.4.1/../../../../arm-none-eabi/lib/armv7-m/libcr_semihost.a(__sys_appexit.o)
 .ARM.attributes
                0x000000000000083a       0x21 /Applications/lpcxpresso_8.2.2_650/lpcxpresso/tools/bin/../lib/gcc/arm-none-eabi/5.4.1/../../../../arm-none-eabi/lib/armv7-m/libcr_semihost.a(__sys_close.o)
 .ARM.attributes
                0x000000000000085b       0x21 /Applications/lpcxpresso_8.2.2_650/lpcxpresso/tools/bin/../lib/gcc/arm-none-eabi/5.4.1/../../../../arm-none-eabi/lib/armv7-m/libcr_semihost.a(__sys_flen.o)
 .ARM.attributes
                0x000000000000087c       0x21 /Applications/lpcxpresso_8.2.2_650/lpcxpresso/tools/bin/../lib/gcc/arm-none-eabi/5.4.1/../../../../arm-none-eabi/lib/armv7-m/libcr_semihost.a(__sys_istty.o)
 .ARM.attributes
                0x000000000000089d       0x21 /Applications/lpcxpresso_8.2.2_650/lpcxpresso/tools/bin/../lib/gcc/arm-none-eabi/5.4.1/../../../../arm-none-eabi/lib/armv7-m/libcr_semihost.a(__sys_remove.o)
 .ARM.attributes
                0x00000000000008be       0x21 /Applications/lpcxpresso_8.2.2_650/lpcxpresso/tools/bin/../lib/gcc/arm-none-eabi/5.4.1/../../../../arm-none-eabi/lib/armv7-m/libcr_semihost.a(__sys_seek.o)
 .ARM.attributes
                0x00000000000008df       0x21 /Applications/lpcxpresso_8.2.2_650/lpcxpresso/tools/bin/../lib/gcc/arm-none-eabi/5.4.1/../../../../arm-none-eabi/lib/armv7-m/libcr_semihost.a(__sys_tmpnam.o)
 .ARM.attributes
                0x0000000000000900       0x21 /Applications/lpcxpresso_8.2.2_650/lpcxpresso/tools/bin/../lib/gcc/arm-none-eabi/5.4.1/../../../../arm-none-eabi/lib/armv7-m/libcr_semihost.a(__sys_write.o)

.debug_frame    0x0000000000000000     0x1a2c
 .debug_frame   0x0000000000000000      0x120 ./cr_startup_lpc17.o
 .debug_frame   0x0000000000000120      0x274 ./main.o
 .debug_frame   0x0000000000000394       0x3c /Users/lucasabbade/Documents/LPCXpresso_8.2.2/workspace/CMSISv2p00_LPC17xx/Debug/libCMSISv2p00_LPC17xx.a(system_LPC17xx.o)
 .debug_frame   0x00000000000003d0       0xc0 /Users/lucasabbade/Desktop/Inatel/Tópicos 1/FreeRTOS-exemplos-CMSISv2p00/FreeRTOS_Library/Debug/libFreeRTOS_Library.a(port.o)
 .debug_frame   0x0000000000000490      0x1bc /Users/lucasabbade/Desktop/Inatel/Tópicos 1/FreeRTOS-exemplos-CMSISv2p00/FreeRTOS_Library/Debug/libFreeRTOS_Library.a(queue.o)
 .debug_frame   0x000000000000064c      0x2e0 /Users/lucasabbade/Desktop/Inatel/Tópicos 1/FreeRTOS-exemplos-CMSISv2p00/FreeRTOS_Library/Debug/libFreeRTOS_Library.a(tasks.o)
 .debug_frame   0x000000000000092c       0x70 /Users/lucasabbade/Desktop/Inatel/Tópicos 1/FreeRTOS-exemplos-CMSISv2p00/FreeRTOS_Library/Debug/libFreeRTOS_Library.a(heap_2.o)
 .debug_frame   0x000000000000099c       0x6c /Users/lucasabbade/Desktop/Inatel/Tópicos 1/FreeRTOS-exemplos-CMSISv2p00/FreeRTOS_Library/Debug/libFreeRTOS_Library.a(list.o)
 .debug_frame   0x0000000000000a08      0x1e8 /Users/lucasabbade/Documents/LPCXpresso_8.2.2/workspace/Lib_MCU/Debug/libLib_MCU.a(lpc17xx_adc.o)
 .debug_frame   0x0000000000000bf0      0x344 /Users/lucasabbade/Documents/LPCXpresso_8.2.2/workspace/Lib_MCU/Debug/libLib_MCU.a(lpc17xx_gpio.o)
 .debug_frame   0x0000000000000f34      0x35c /Users/lucasabbade/Documents/LPCXpresso_8.2.2/workspace/Lib_MCU/Debug/libLib_MCU.a(lpc17xx_i2c.o)
 .debug_frame   0x0000000000001290       0x2c /Users/lucasabbade/Documents/LPCXpresso_8.2.2/workspace/Lib_MCU/Debug/libLib_MCU.a(lpc17xx_libcfg_default.o)
 .debug_frame   0x00000000000012bc      0x2e0 /Users/lucasabbade/Documents/LPCXpresso_8.2.2/workspace/Lib_MCU/Debug/libLib_MCU.a(lpc17xx_ssp.o)
 .debug_frame   0x000000000000159c      0x24c /Users/lucasabbade/Documents/LPCXpresso_8.2.2/workspace/Lib_EaBaseBoard/Debug/libLib_EaBaseBoard.a(light.o)
 .debug_frame   0x00000000000017e8      0x244 /Users/lucasabbade/Documents/LPCXpresso_8.2.2/workspace/Lib_EaBaseBoard/Debug/libLib_EaBaseBoard.a(oled.o)

.debug_loc      0x0000000000000000     0x1647
 .debug_loc     0x0000000000000000       0x5f /Users/lucasabbade/Desktop/Inatel/Tópicos 1/FreeRTOS-exemplos-CMSISv2p00/FreeRTOS_Library/Debug/libFreeRTOS_Library.a(port.o)
 .debug_loc     0x000000000000005f      0x796 /Users/lucasabbade/Desktop/Inatel/Tópicos 1/FreeRTOS-exemplos-CMSISv2p00/FreeRTOS_Library/Debug/libFreeRTOS_Library.a(queue.o)
 .debug_loc     0x00000000000007f5      0xbab /Users/lucasabbade/Desktop/Inatel/Tópicos 1/FreeRTOS-exemplos-CMSISv2p00/FreeRTOS_Library/Debug/libFreeRTOS_Library.a(tasks.o)
 .debug_loc     0x00000000000013a0      0x263 /Users/lucasabbade/Desktop/Inatel/Tópicos 1/FreeRTOS-exemplos-CMSISv2p00/FreeRTOS_Library/Debug/libFreeRTOS_Library.a(heap_2.o)
 .debug_loc     0x0000000000001603       0x44 /Users/lucasabbade/Desktop/Inatel/Tópicos 1/FreeRTOS-exemplos-CMSISv2p00/FreeRTOS_Library/Debug/libFreeRTOS_Library.a(list.o)
